Archive member included to satisfy reference by file (symbol)

C:/devkitPro/libctru/lib\libctru.a(console.o)
                              main.o (consoleInit)
C:/devkitPro/libctru/lib\libctru.a(gfx.o)
                              C:/devkitPro/libctru/lib\libctru.a(console.o) (gfxIsWide)
C:/devkitPro/libctru/lib\libctru.a(gspgpu.o)
                              C:/devkitPro/libctru/lib\libctru.a(gfx.o) (gspInit)
C:/devkitPro/libctru/lib\libctru.a(apt.o)
                              main.o (aptMainLoop)
C:/devkitPro/libctru/lib\libctru.a(hid.o)
                              main.o (hidScanInput)
C:/devkitPro/libctru/lib\libctru.a(ctru_init.o)
                              C:/devkitPro/libctru/lib\libctru.a(apt.o) (__system_retAddr)
C:/devkitPro/libctru/lib\libctru.a(initArgv.o)
                              C:/devkitPro/libctru/lib\libctru.a(ctru_init.o) (__system_initArgv)
C:/devkitPro/libctru/lib\libctru.a(svc.o)
                              C:/devkitPro/libctru/lib\libctru.a(apt.o) (svcSleepThread)
C:/devkitPro/libctru/lib\libctru.a(stack_adjust.o)
                              c:/devkitpro/devkitarm/bin/../lib/gcc/arm-none-eabi/10.2.0/../../../../arm-none-eabi/lib/armv6k/fpu/3dsx_crt0.o (initSystem)
C:/devkitPro/libctru/lib\libctru.a(default_font.bin.o)
                              C:/devkitPro/libctru/lib\libctru.a(console.o) (default_font_bin)
C:/devkitPro/libctru/lib\libctru.a(vram.o)
                              C:/devkitPro/libctru/lib\libctru.a(gfx.o) (vramAlloc)
C:/devkitPro/libctru/lib\libctru.a(linear.o)
                              C:/devkitPro/libctru/lib\libctru.a(gfx.o) (linearAlloc)
C:/devkitPro/libctru/lib\libctru.a(mem_pool.o)
                              C:/devkitPro/libctru/lib\libctru.a(vram.o) (MemPool::Allocate(MemChunk&, unsigned long, int))
C:/devkitPro/libctru/lib\libctru.a(synchronization.o)
                              C:/devkitPro/libctru/lib\libctru.a(ctru_init.o) (__sync_init)
C:/devkitPro/libctru/lib\libctru.a(os.o)
                              C:/devkitPro/libctru/lib\libctru.a(apt.o) (__ctru_speedup_config)
C:/devkitPro/libctru/lib\libctru.a(srv.o)
                              C:/devkitPro/libctru/lib\libctru.a(apt.o) (srvInit)
C:/devkitPro/libctru/lib\libctru.a(thread.o)
                              C:/devkitPro/libctru/lib\libctru.a(gspgpu.o) (threadCreate)
C:/devkitPro/libctru/lib\libctru.a(mappable.o)
                              C:/devkitPro/libctru/lib\libctru.a(gspgpu.o) (mappableAlloc)
C:/devkitPro/libctru/lib\libctru.a(irrst.o)
                              C:/devkitPro/libctru/lib\libctru.a(hid.o) (irrstInit)
C:/devkitPro/libctru/lib\libctru.a(srvpm.o)
                              C:/devkitPro/libctru/lib\libctru.a(srv.o) (srvPmGetSessionHandle)
C:/devkitPro/libctru/lib\libctru.a(ptmsysm.o)
                              C:/devkitPro/libctru/lib\libctru.a(os.o) (ptmSysmInit)
C:/devkitPro/libctru/lib\libctru.a(rbtree_init.o)
                              C:/devkitPro/libctru/lib\libctru.a(vram.o) (rbtree_init)
C:/devkitPro/libctru/lib\libctru.a(rbtree_insert.o)
                              C:/devkitPro/libctru/lib\libctru.a(vram.o) (rbtree_insert)
C:/devkitPro/libctru/lib\libctru.a(rbtree_rotate.o)
                              C:/devkitPro/libctru/lib\libctru.a(rbtree_insert.o) (rbtree_rotate)
C:/devkitPro/libctru/lib\libctru.a(rbtree_remove.o)
                              C:/devkitPro/libctru/lib\libctru.a(vram.o) (rbtree_remove)
C:/devkitPro/libctru/lib\libctru.a(rbtree_find.o)
                              C:/devkitPro/libctru/lib\libctru.a(vram.o) (rbtree_find)
C:/devkitPro/libctru/lib\libctru.a(syscalls.o)
                              C:/devkitPro/libctru/lib\libctru.a(ctru_init.o) (__system_initSyscalls)
C:/devkitPro/libctru/lib\libctru.a(allocateHeaps.o)
                              C:/devkitPro/libctru/lib\libctru.a(ctru_init.o) (__system_allocateHeaps)
C:/devkitPro/libctru/lib\libctru.a(appInit.o)
                              C:/devkitPro/libctru/lib\libctru.a(stack_adjust.o) (__appInit)
C:/devkitPro/libctru/lib\libctru.a(appExit.o)
                              C:/devkitPro/libctru/lib\libctru.a(stack_adjust.o) (__appExit)
C:/devkitPro/libctru/lib\libctru.a(ctru_exit.o)
                              C:/devkitPro/libctru/lib\libctru.a(stack_adjust.o) (__libctru_exit)
C:/devkitPro/libctru/lib\libctru.a(env.o)
                              C:/devkitPro/libctru/lib\libctru.a(srv.o) (envGetHandle)
C:/devkitPro/libctru/lib\libctru.a(archive_dev.o)
                              C:/devkitPro/libctru/lib\libctru.a(appInit.o) (archiveMountSdmc)
C:/devkitPro/libctru/lib\libctru.a(fs.o)
                              C:/devkitPro/libctru/lib\libctru.a(appInit.o) (fsInit)
C:/devkitPro/libctru/lib\libctru.a(rbtree_iterator.o)
                              C:/devkitPro/libctru/lib\libctru.a(rbtree_remove.o) (rbtree_node_next)
C:/devkitPro/libctru/lib\libctru.a(utf8_to_utf16.o)
[...]
Memory Configuration

Name             Origin             Length             Attributes
*default*        0x0000000000000000 0xffffffffffffffff

Linker script and memory map

                0x0000000000100000                PROVIDE (__start__ = 0x100000)
                0x0000000000100000                . = __start__

.text           0x0000000000100000    0x2170c
 *(.crt0)
 .crt0          0x0000000000100000       0x94 c:/devkitpro/devkitarm/bin/../lib/gcc/arm-none-eabi/10.2.0/../../../../arm-none-eabi/lib/armv6k/fpu/3dsx_crt0.o
                0x0000000000100000                _start
                0x0000000000100008                __service_ptr
                0x000000000010000c                __apt_appid
                0x0000000000100010                __heap_size
                0x0000000000100014                __linear_heap_size
                0x0000000000100018                __system_arglist
                0x000000000010001c                __system_runflags
 *(.init)
 .init          0x0000000000100094        0xc c:/devkitpro/devkitarm/bin/../lib/gcc/arm-none-eabi/10.2.0/armv6k/fpu/crti.o
                0x0000000000100094                _init
 .init          0x00000000001000a0        0xc c:/devkitpro/devkitarm/bin/../lib/gcc/arm-none-eabi/10.2.0/armv6k/fpu/crtn.o
                0x00000000001000ac                . = ALIGN (0x4)
 *(.text)
 .text          0x00000000001000ac      0x240 c:/devkitpro/devkitarm/bin/../lib/gcc/arm-none-eabi/10.2.0/armv6k/fpu\libgcc.a(_divsi3.o)
                0x00000000001000ac                __divsi3
                0x00000000001000ac                __aeabi_idiv
                0x00000000001002cc                __aeabi_idivmod
 .text          0x00000000001002ec        0x4 c:/devkitpro/devkitarm/bin/../lib/gcc/arm-none-eabi/10.2.0/armv6k/fpu\libgcc.a(_dvmd_tls.o)
                0x00000000001002ec                __aeabi_idiv0
                0x00000000001002ec                __aeabi_ldiv0
 .text          0x00000000001002f0       0xd4 c:/devkitpro/devkitarm/bin/../lib/gcc/arm-none-eabi/10.2.0/armv6k/fpu\libgcc.a(_aeabi_ldivmod.o)
                0x00000000001002f0                __aeabi_ldivmod
 .text          0x00000000001003c4       0x3c c:/devkitpro/devkitarm/bin/../lib/gcc/arm-none-eabi/10.2.0/armv6k/fpu\libgcc.a(_aeabi_uldivmod.o)
                0x00000000001003c4                __aeabi_uldivmod
 .text          0x0000000000100400      0x390 c:/devkitpro/devkitarm/bin/../lib/gcc/arm-none-eabi/10.2.0/../../../../arm-none-eabi/lib/armv6k/fpu\libg.a(lib_a-strcmp.o)
                0x0000000000100408                strcmp
 .text          0x0000000000100790      0x20c c:/devkitpro/devkitarm/bin/../lib/gcc/arm-none-eabi/10.2.0/armv6k/fpu\libgcc.a(_udivsi3.o)
                0x0000000000100790                __aeabi_uidiv
                0x0000000000100790                __udivsi3
                0x000000000010097c                __aeabi_uidivmod
 .text          0x000000000010099c      0x3c0 c:/devkitpro/devkitarm/bin/../lib/gcc/arm-none-eabi/10.2.0/armv6k/fpu\libgcc.a(_arm_addsubdf3.o)
                0x000000000010099c                __aeabi_drsub
                0x00000000001009a4                __aeabi_dsub
                0x00000000001009a4                __subdf3
                0x00000000001009a8                __aeabi_dadd
                0x00000000001009a8                __adddf3
                0x0000000000100c54                __floatunsidf
                0x0000000000100c54                __aeabi_ui2d
                0x0000000000100c78                __floatsidf
                0x0000000000100c78                __aeabi_i2d
                0x0000000000100ca0                __aeabi_f2d
                0x0000000000100ca0                __extendsfdf2
                0x0000000000100ce8                __floatundidf
                0x0000000000100ce8                __aeabi_ul2d
                0x0000000000100cfc                __floatdidf
                0x0000000000100cfc                __aeabi_l2d
 *(.text.*)
 .text.__do_global_dtors_aux
                0x0000000000100d5c       0x40 c:/devkitpro/devkitarm/bin/../lib/gcc/arm-none-eabi/10.2.0/armv6k/fpu/crtbegin.o
 .text.frame_dummy
                0x0000000000100d9c       0x2c c:/devkitpro/devkitarm/bin/../lib/gcc/arm-none-eabi/10.2.0/armv6k/fpu/crtbegin.o
 .text.startup.main
                0x0000000000100dc8       0x64 main.o
                0x0000000000100dc8                main
 .text.consoleDrawChar
                0x0000000000100e2c      0x178 C:/devkitPro/libctru/lib\libctru.a(console.o)
                0x0000000000100e2c                consoleDrawChar
 .text.consolePrintChar
                0x0000000000100fa4      0x124 C:/devkitPro/libctru/lib\libctru.a(console.o)
                0x0000000000100fa4                consolePrintChar
 .text.con_write
                0x00000000001010c8      0xa00 C:/devkitPro/libctru/lib\libctru.a(console.o)
                0x00000000001010c8                con_write
 .text.consoleInit
                0x0000000000101ac8      0x168 C:/devkitPro/libctru/lib\libctru.a(console.o)
                0x0000000000101ac8                consoleInit
 .text.newRow   0x0000000000101c30       0xf4 C:/devkitPro/libctru/lib\libctru.a(console.o)
 .text.gfxPresentFramebuffer
                0x0000000000101d24       0xd0 C:/devkitPro/libctru/lib\libctru.a(gfx.o)
 .text.gfxIsWide
                0x0000000000101df4       0x1c C:/devkitPro/libctru/lib\libctru.a(gfx.o)
                0x0000000000101df4                gfxIsWide
 .text.gfxSetScreenFormat
                0x0000000000101e10       0xec C:/devkitPro/libctru/lib\libctru.a(gfx.o)
                0x0000000000101e10                gfxSetScreenFormat
 .text.gfxSetDoubleBuffering
                0x0000000000101efc       0x10 C:/devkitPro/libctru/lib\libctru.a(gfx.o)
                0x0000000000101efc                gfxSetDoubleBuffering
 .text.gfxInit  0x0000000000101f0c      0x108 C:/devkitPro/libctru/lib\libctru.a(gfx.o)
                0x0000000000101f0c                gfxInit
 .text.gfxInitDefault
                0x0000000000102014       0x10 C:/devkitPro/libctru/lib\libctru.a(gfx.o)
                0x0000000000102014                gfxInitDefault
 .text.gfxExit  0x0000000000102024       0xb4 C:/devkitPro/libctru/lib\libctru.a(gfx.o)
                0x0000000000102024                gfxExit
 .text.gfxGetFramebuffer
                0x00000000001020d8       0xa0 C:/devkitPro/libctru/lib\libctru.a(gfx.o)
                0x00000000001020d8                gfxGetFramebuffer
 .text.gfxFlushBuffers
                0x0000000000102178      0x10c C:/devkitPro/libctru/lib\libctru.a(gfx.o)
                0x0000000000102178                gfxFlushBuffers
 .text.gfxSwapBuffersGpu
                0x0000000000102284       0x50 C:/devkitPro/libctru/lib\libctru.a(gfx.o)
                0x0000000000102284                gfxSwapBuffersGpu
 .text.gspHardwareInit
                0x00000000001022d4      0xc58 C:/devkitPro/libctru/lib\libctru.a(gspgpu.o)
 .text.gspInit  0x0000000000102f2c      0x254 C:/devkitPro/libctru/lib\libctru.a(gspgpu.o)
                0x0000000000102f2c                gspInit
 .text.gspExit  0x0000000000103180       0xf0 C:/devkitPro/libctru/lib\libctru.a(gspgpu.o)
                0x0000000000103180                gspExit
 .text.gspHasGpuRight
                0x0000000000103270       0x10 C:/devkitPro/libctru/lib\libctru.a(gspgpu.o)
                0x0000000000103270                gspHasGpuRight
 .text.gspPresentBuffer
                0x0000000000103280       0x98 C:/devkitPro/libctru/lib\libctru.a(gspgpu.o)
                0x0000000000103280                gspPresentBuffer
 .text.gspWaitForEvent
                0x0000000000103318       0x50 C:/devkitPro/libctru/lib\libctru.a(gspgpu.o)
                0x0000000000103318                gspWaitForEvent
 .text.gxCmdQueueInterrupt
                0x0000000000103368        0x4 C:/devkitPro/libctru/lib\libctru.a(gspgpu.o)
                0x0000000000103368                gxCmdQueueInterrupt
 .text.gspEventThreadMain
                0x000000000010336c      0x160 C:/devkitPro/libctru/lib\libctru.a(gspgpu.o)
 .text.GSPGPU_FlushDataCache
                0x00000000001034cc       0x50 C:/devkitPro/libctru/lib\libctru.a(gspgpu.o)
                0x00000000001034cc                GSPGPU_FlushDataCache
 .text.GSPGPU_SetLcdForceBlack
                0x000000000010351c       0x34 C:/devkitPro/libctru/lib\libctru.a(gspgpu.o)
                0x000000000010351c                GSPGPU_SetLcdForceBlack
 .text.GSPGPU_AcquireRight
                0x0000000000103550       0x68 C:/devkitPro/libctru/lib\libctru.a(gspgpu.o)
                0x0000000000103550                GSPGPU_AcquireRight
 .text.GSPGPU_ReleaseRight
                0x00000000001035b8       0x48 C:/devkitPro/libctru/lib\libctru.a(gspgpu.o)
                0x00000000001035b8                GSPGPU_ReleaseRight
 .text.GSPGPU_ImportDisplayCaptureInfo
                0x0000000000103600       0x7c C:/devkitPro/libctru/lib\libctru.a(gspgpu.o)
                0x0000000000103600                GSPGPU_ImportDisplayCaptureInfo
 .text.GSPGPU_SaveVramSysArea
                0x000000000010367c       0x2c C:/devkitPro/libctru/lib\libctru.a(gspgpu.o)
                0x000000000010367c                GSPGPU_SaveVramSysArea
 .text.GSPGPU_RestoreVramSysArea
                0x00000000001036a8       0x2c C:/devkitPro/libctru/lib\libctru.a(gspgpu.o)
                0x00000000001036a8                GSPGPU_RestoreVramSysArea
 .text.aptConvertScreenForCapture
                0x00000000001036d4      0x1b0 C:/devkitPro/libctru/lib\libctru.a(apt.o)
 .text.aptDspSleep
                0x0000000000103884        0x8 C:/devkitPro/libctru/lib\libctru.a(apt.o)
                0x0000000000103884                aptDspSleep
 .text.aptDspWakeup
                0x000000000010388c        0x4 C:/devkitPro/libctru/lib\libctru.a(apt.o)
                0x000000000010388c                aptDspWakeup
 .text.aptDspCancel
                0x0000000000103890        0x4 C:/devkitPro/libctru/lib\libctru.a(apt.o)
                0x0000000000103890                aptDspCancel
 .text.aptSendCommand
                0x0000000000103894      0x15c C:/devkitPro/libctru/lib\libctru.a(apt.o)
                0x0000000000103894                aptSendCommand
 .text.aptExitProcess
                0x00000000001039f0       0x38 C:/devkitPro/libctru/lib\libctru.a(apt.o)
 .text.aptExit  0x0000000000103a28      0x2f0 C:/devkitPro/libctru/lib\libctru.a(apt.o)
                0x0000000000103a28                aptExit
 .text.aptHandleSleep
                0x0000000000103d18       0xd8 C:/devkitPro/libctru/lib\libctru.a(apt.o)
                0x0000000000103d18                aptHandleSleep
 .text.APT_SleepIfShellClosed
                0x0000000000103df0       0x84 C:/devkitPro/libctru/lib\libctru.a(apt.o)
                0x0000000000103df0                APT_SleepIfShellClosed
 .text.aptSetSleepAllowed
                0x0000000000103e74       0x84 C:/devkitPro/libctru/lib\libctru.a(apt.o)
                0x0000000000103e74                aptSetSleepAllowed
 .text.APT_UnlockTransition
                0x0000000000103ef8       0x84 C:/devkitPro/libctru/lib\libctru.a(apt.o)
                0x0000000000103ef8                APT_UnlockTransition
 *fill*         0x0000000000103f7c        0x4 
 .text.aptEventHandler
                0x0000000000103f80      0x484 C:/devkitPro/libctru/lib\libctru.a(apt.o)
 .text.APT_ReceiveParameter
                0x0000000000104404       0xb0 C:/devkitPro/libctru/lib\libctru.a(apt.o)
                0x0000000000104404                APT_ReceiveParameter
 .text.aptReceiveParameter.constprop.0
                0x00000000001044b4       0xb0 C:/devkitPro/libctru/lib\libctru.a(apt.o)
 *fill*         0x0000000000104564        0x4 
 .text.aptScreenTransfer
                0x0000000000104568      0x2bc C:/devkitPro/libctru/lib\libctru.a(apt.o)
 .text.aptWaitForWakeUp.isra.0
                0x0000000000104824      0x2d0 C:/devkitPro/libctru/lib\libctru.a(apt.o)
 .text.aptJumpToHomeMenu
                0x0000000000104af4       0xf8 C:/devkitPro/libctru/lib\libctru.a(apt.o)
                0x0000000000104af4                aptJumpToHomeMenu
 .text.aptMainLoop
                0x0000000000104bec       0x4c C:/devkitPro/libctru/lib\libctru.a(apt.o)
                0x0000000000104bec                aptMainLoop
 .text.aptInit  0x0000000000104c38      0x234 C:/devkitPro/libctru/lib\libctru.a(apt.o)
                0x0000000000104c38                aptInit
 .text.APT_CheckNew3DS
                0x0000000000104e6c       0x7c C:/devkitPro/libctru/lib\libctru.a(apt.o)
                0x0000000000104e6c                APT_CheckNew3DS
 .text.hidShouldUseIrrst
                0x0000000000104ee8       0x24 C:/devkitPro/libctru/lib\libctru.a(hid.o)
                0x0000000000104ee8                hidShouldUseIrrst
 .text.hidInit  0x0000000000104f0c      0x18c C:/devkitPro/libctru/lib\libctru.a(hid.o)
                0x0000000000104f0c                hidInit
 .text.hidExit  0x0000000000105098       0xe8 C:/devkitPro/libctru/lib\libctru.a(hid.o)
                0x0000000000105098                hidExit
 .text.hidScanInput
                0x0000000000105180      0x294 C:/devkitPro/libctru/lib\libctru.a(hid.o)
                0x0000000000105180                hidScanInput
 .text.hidKeysDown
                0x0000000000105414       0x10 C:/devkitPro/libctru/lib\libctru.a(hid.o)
                0x0000000000105414                hidKeysDown
 .text.__libctru_init
                0x0000000000105424       0x38 C:/devkitPro/libctru/lib\libctru.a(ctru_init.o)
                0x0000000000105424                __libctru_init
 .text.__system_initArgv
                0x000000000010545c       0xf0 C:/devkitPro/libctru/lib\libctru.a(initArgv.o)
                0x000000000010545c                __system_initArgv
 .text.svcControlMemory
                0x000000000010554c       0x20 C:/devkitPro/libctru/lib\libctru.a(svc.o)
                0x000000000010554c                svcControlMemory
 .text.svcQueryMemory
                0x000000000010556c       0x30 C:/devkitPro/libctru/lib\libctru.a(svc.o)
                0x000000000010556c                svcQueryMemory
 .text.svcExitProcess
                0x000000000010559c        0x8 C:/devkitPro/libctru/lib\libctru.a(svc.o)
                0x000000000010559c                svcExitProcess
 .text.svcCreateThread
                0x00000000001055a4       0x20 C:/devkitPro/libctru/lib\libctru.a(svc.o)
                0x00000000001055a4                svcCreateThread
 .text.svcExitThread
                0x00000000001055c4        0x8 C:/devkitPro/libctru/lib\libctru.a(svc.o)
                0x00000000001055c4                svcExitThread
 .text.svcSleepThread
                0x00000000001055cc        0x8 C:/devkitPro/libctru/lib\libctru.a(svc.o)
                0x00000000001055cc                svcSleepThread
 .text.svcReleaseMutex
                0x00000000001055d4        0x8 C:/devkitPro/libctru/lib\libctru.a(svc.o)
                0x00000000001055d4                svcReleaseMutex
 .text.svcCreateEvent
                0x00000000001055dc       0x14 C:/devkitPro/libctru/lib\libctru.a(svc.o)
                0x00000000001055dc                svcCreateEvent
 .text.svcSignalEvent
                0x00000000001055f0        0x8 C:/devkitPro/libctru/lib\libctru.a(svc.o)
                0x00000000001055f0                svcSignalEvent
 .text.svcClearEvent
                0x00000000001055f8        0x8 C:/devkitPro/libctru/lib\libctru.a(svc.o)
                0x00000000001055f8                svcClearEvent
 .text.svcMapMemoryBlock
                0x0000000000105600        0x8 C:/devkitPro/libctru/lib\libctru.a(svc.o)
                0x0000000000105600                svcMapMemoryBlock
 .text.svcUnmapMemoryBlock
                0x0000000000105608        0x8 C:/devkitPro/libctru/lib\libctru.a(svc.o)
                0x0000000000105608                svcUnmapMemoryBlock
 .text.svcCreateAddressArbiter
                0x0000000000105610       0x14 C:/devkitPro/libctru/lib\libctru.a(svc.o)
                0x0000000000105610                svcCreateAddressArbiter
 .text.svcArbitrateAddressNoTimeout
                0x0000000000105624        0x8 C:/devkitPro/libctru/lib\libctru.a(svc.o)
                0x0000000000105624                svcArbitrateAddressNoTimeout
 .text.svcCloseHandle
                0x000000000010562c        0x8 C:/devkitPro/libctru/lib\libctru.a(svc.o)
                0x000000000010562c                svcCloseHandle
 .text.svcWaitSynchronization
                0x0000000000105634        0x8 C:/devkitPro/libctru/lib\libctru.a(svc.o)
                0x0000000000105634                svcWaitSynchronization
 .text.svcWaitSynchronizationN
                0x000000000010563c       0x28 C:/devkitPro/libctru/lib\libctru.a(svc.o)
                0x000000000010563c                svcWaitSynchronizationN
 .text.svcDuplicateHandle
                0x0000000000105664       0x14 C:/devkitPro/libctru/lib\libctru.a(svc.o)
                0x0000000000105664                svcDuplicateHandle
 .text.svcGetSystemTick
                0x0000000000105678        0x8 C:/devkitPro/libctru/lib\libctru.a(svc.o)
                0x0000000000105678                svcGetSystemTick
 .text.svcConnectToPort
                0x0000000000105680       0x14 C:/devkitPro/libctru/lib\libctru.a(svc.o)
                0x0000000000105680                svcConnectToPort
 .text.svcSendSyncRequest
                0x0000000000105694        0x8 C:/devkitPro/libctru/lib\libctru.a(svc.o)
                0x0000000000105694                svcSendSyncRequest
 .text.svcGetResourceLimit
                0x000000000010569c       0x14 C:/devkitPro/libctru/lib\libctru.a(svc.o)
                0x000000000010569c                svcGetResourceLimit
 .text.svcGetResourceLimitLimitValues
                0x00000000001056b0        0x8 C:/devkitPro/libctru/lib\libctru.a(svc.o)
                0x00000000001056b0                svcGetResourceLimitLimitValues
 .text.svcGetResourceLimitCurrentValues
                0x00000000001056b8        0x8 C:/devkitPro/libctru/lib\libctru.a(svc.o)
                0x00000000001056b8                svcGetResourceLimitCurrentValues
 .text.svcBreak
                0x00000000001056c0        0x8 C:/devkitPro/libctru/lib\libctru.a(svc.o)
                0x00000000001056c0                svcBreak
 .text.initSystem
                0x00000000001056c8       0x50 C:/devkitPro/libctru/lib\libctru.a(stack_adjust.o)
                0x00000000001056c8                initSystem
 .text.__ctru_exit
                0x0000000000105718       0x18 C:/devkitPro/libctru/lib\libctru.a(stack_adjust.o)
                0x0000000000105718                __ctru_exit
 .text._ZL21addrMapNodeComparatorPK11rbtree_nodeS1_
                0x0000000000105730       0x24 C:/devkitPro/libctru/lib\libctru.a(vram.o)
 .text._ZL21addrMapNodeDestructorP11rbtree_node
                0x0000000000105754        0x4 C:/devkitPro/libctru/lib\libctru.a(vram.o)
 .text.vramMemAlign
                0x0000000000105758      0x114 C:/devkitPro/libctru/lib\libctru.a(vram.o)
                0x0000000000105758                vramMemAlign
 .text.vramAlloc
                0x000000000010586c        0x8 C:/devkitPro/libctru/lib\libctru.a(vram.o)
                0x000000000010586c                vramAlloc
 .text.vramFree
                0x0000000000105874       0x5c C:/devkitPro/libctru/lib\libctru.a(vram.o)
                0x0000000000105874                vramFree
 .text._ZL21addrMapNodeComparatorPK11rbtree_nodeS1_
                0x00000000001058d0       0x24 C:/devkitPro/libctru/lib\libctru.a(linear.o)
 .text._ZL21addrMapNodeDestructorP11rbtree_node
                0x00000000001058f4        0x4 C:/devkitPro/libctru/lib\libctru.a(linear.o)
 .text.linearMemAlign
                0x00000000001058f8      0x120 C:/devkitPro/libctru/lib\libctru.a(linear.o)
                0x00000000001058f8                linearMemAlign
 .text.linearAlloc
                0x0000000000105a18        0x8 C:/devkitPro/libctru/lib\libctru.a(linear.o)
                0x0000000000105a18                linearAlloc
 .text.linearFree
                0x0000000000105a20       0x5c C:/devkitPro/libctru/lib\libctru.a(linear.o)
                0x0000000000105a20                linearFree
 .text._ZN7MemPool13CoalesceRightEP8MemBlock
                0x0000000000105a7c       0x84 C:/devkitPro/libctru/lib\libctru.a(mem_pool.o)
                0x0000000000105a7c                MemPool::CoalesceRight(MemBlock*)
 .text._ZN7MemPool8AllocateER8MemChunkmi
                0x0000000000105b00      0x170 C:/devkitPro/libctru/lib\libctru.a(mem_pool.o)
                0x0000000000105b00                MemPool::Allocate(MemChunk&, unsigned long, int)
 .text._ZN7MemPool10DeallocateERK8MemChunk
                0x0000000000105c70       0xfc C:/devkitPro/libctru/lib\libctru.a(mem_pool.o)
                0x0000000000105c70                MemPool::Deallocate(MemChunk const&)
 .text.__sync_init
                0x0000000000105d6c        0xc C:/devkitPro/libctru/lib\libctru.a(synchronization.o)
                0x0000000000105d6c                __sync_init
 .text.__sync_fini
                0x0000000000105d78       0x18 C:/devkitPro/libctru/lib\libctru.a(synchronization.o)
                0x0000000000105d78                __sync_fini
 .text.syncArbitrateAddress
                0x0000000000105d90       0x2c C:/devkitPro/libctru/lib\libctru.a(synchronization.o)
                0x0000000000105d90                syncArbitrateAddress
 .text.LightLock_Init
                0x0000000000105dbc       0x1c C:/devkitPro/libctru/lib\libctru.a(synchronization.o)
                0x0000000000105dbc                LightLock_Init
 .text.LightLock_Lock
                0x0000000000105dd8       0x94 C:/devkitPro/libctru/lib\libctru.a(synchronization.o)
                0x0000000000105dd8                LightLock_Lock
 .text.LightLock_TryLock
                0x0000000000105e6c       0x44 C:/devkitPro/libctru/lib\libctru.a(synchronization.o)
                0x0000000000105e6c                LightLock_TryLock
 .text.LightLock_Unlock
                0x0000000000105eb0       0x40 C:/devkitPro/libctru/lib\libctru.a(synchronization.o)
                0x0000000000105eb0                LightLock_Unlock
 .text.RecursiveLock_Init
                0x0000000000105ef0       0x24 C:/devkitPro/libctru/lib\libctru.a(synchronization.o)
                0x0000000000105ef0                RecursiveLock_Init
 .text.RecursiveLock_Lock
                0x0000000000105f14       0x30 C:/devkitPro/libctru/lib\libctru.a(synchronization.o)
                0x0000000000105f14                RecursiveLock_Lock
 .text.RecursiveLock_TryLock
                0x0000000000105f44       0x78 C:/devkitPro/libctru/lib\libctru.a(synchronization.o)
                0x0000000000105f44                RecursiveLock_TryLock
 .text.RecursiveLock_Unlock
                0x0000000000105fbc       0x54 C:/devkitPro/libctru/lib\libctru.a(synchronization.o)
                0x0000000000105fbc                RecursiveLock_Unlock
 .text.LightEvent_Init
                0x0000000000106010       0x40 C:/devkitPro/libctru/lib\libctru.a(synchronization.o)
                0x0000000000106010                LightEvent_Init
 .text.LightEvent_Clear
                0x0000000000106050       0xa4 C:/devkitPro/libctru/lib\libctru.a(synchronization.o)
                0x0000000000106050                LightEvent_Clear
 .text.LightEvent_Signal
                0x00000000001060f4       0xc8 C:/devkitPro/libctru/lib\libctru.a(synchronization.o)
                0x00000000001060f4                LightEvent_Signal
 .text.LightEvent_TryWait
                0x00000000001061bc       0x58 C:/devkitPro/libctru/lib\libctru.a(synchronization.o)
                0x00000000001061bc                LightEvent_TryWait
 .text.LightEvent_Wait
                0x0000000000106214       0xb0 C:/devkitPro/libctru/lib\libctru.a(synchronization.o)
                0x0000000000106214                LightEvent_Wait
 .text.osGetTimeRef
                0x00000000001062c4       0x54 C:/devkitPro/libctru/lib\libctru.a(os.o)
                0x00000000001062c4                osGetTimeRef
 .text.osGetTime
                0x0000000000106318       0xe4 C:/devkitPro/libctru/lib\libctru.a(os.o)
                0x0000000000106318                osGetTime
 .text.__libctru_gtod
                0x00000000001063fc       0x74 C:/devkitPro/libctru/lib\libctru.a(os.o)
                0x00000000001063fc                __libctru_gtod
 .text.__ctru_speedup_config
                0x0000000000106470       0x34 C:/devkitPro/libctru/lib\libctru.a(os.o)
                0x0000000000106470                __ctru_speedup_config
 .text.srvInit  0x00000000001064a4      0x124 C:/devkitPro/libctru/lib\libctru.a(srv.o)
                0x00000000001064a4                srvInit
 .text.srvExit  0x00000000001065c8       0x58 C:/devkitPro/libctru/lib\libctru.a(srv.o)
                0x00000000001065c8                srvExit
 .text.srvGetServiceHandleDirect
                0x0000000000106620       0x80 C:/devkitPro/libctru/lib\libctru.a(srv.o)
                0x0000000000106620                srvGetServiceHandleDirect
 .text.srvGetServiceHandle
                0x00000000001066a0       0x48 C:/devkitPro/libctru/lib\libctru.a(srv.o)
                0x00000000001066a0                srvGetServiceHandle
 .text.srvPublishToSubscriber
                0x00000000001066e8       0x38 C:/devkitPro/libctru/lib\libctru.a(srv.o)
                0x00000000001066e8                srvPublishToSubscriber
 .text.threadCreate
                0x0000000000106720      0x188 C:/devkitPro/libctru/lib\libctru.a(thread.o)
                0x0000000000106720                threadCreate
 .text.threadFree
                0x00000000001068a8       0x2c C:/devkitPro/libctru/lib\libctru.a(thread.o)
                0x00000000001068a8                threadFree
 .text.threadJoin
                0x00000000001068d4       0x24 C:/devkitPro/libctru/lib\libctru.a(thread.o)
                0x00000000001068d4                threadJoin
 .text.threadGetCurrent
                0x00000000001068f8       0x30 C:/devkitPro/libctru/lib\libctru.a(thread.o)
                0x00000000001068f8                threadGetCurrent
 .text.threadExit
                0x0000000000106928       0x40 C:/devkitPro/libctru/lib\libctru.a(thread.o)
                0x0000000000106928                threadExit
 .text._thread_begin
                0x0000000000106968       0x44 C:/devkitPro/libctru/lib\libctru.a(thread.o)
 .text.mappableFindAddressWithin
                0x00000000001069ac       0x94 C:/devkitPro/libctru/lib\libctru.a(mappable.o)
 .text.mappableInit
                0x0000000000106a40       0x28 C:/devkitPro/libctru/lib\libctru.a(mappable.o)
                0x0000000000106a40                mappableInit
 .text.mappableAlloc
                0x0000000000106a68       0x80 C:/devkitPro/libctru/lib\libctru.a(mappable.o)
                0x0000000000106a68                mappableAlloc
 .text.mappableFree
                0x0000000000106ae8        0x4 C:/devkitPro/libctru/lib\libctru.a(mappable.o)
                0x0000000000106ae8                mappableFree
 .text.irrstInit
                0x0000000000106aec      0x160 C:/devkitPro/libctru/lib\libctru.a(irrst.o)
                0x0000000000106aec                irrstInit
 .text.irrstExit
                0x0000000000106c4c       0xcc C:/devkitPro/libctru/lib\libctru.a(irrst.o)
                0x0000000000106c4c                irrstExit
 .text.irrstScanInput
                0x0000000000106d18       0xb0 C:/devkitPro/libctru/lib\libctru.a(irrst.o)
                0x0000000000106d18                irrstScanInput
 .text.irrstKeysHeld
                0x0000000000106dc8       0x24 C:/devkitPro/libctru/lib\libctru.a(irrst.o)
                0x0000000000106dc8                irrstKeysHeld
 .text.srvPmGetSessionHandle
                0x0000000000106dec        0xc C:/devkitPro/libctru/lib\libctru.a(srvpm.o)
                0x0000000000106dec                srvPmGetSessionHandle
 .text.ptmSysmInit
                0x0000000000106df8       0x74 C:/devkitPro/libctru/lib\libctru.a(ptmsysm.o)
                0x0000000000106df8                ptmSysmInit
 .text.ptmSysmExit
                0x0000000000106e6c       0x3c C:/devkitPro/libctru/lib\libctru.a(ptmsysm.o)
                0x0000000000106e6c                ptmSysmExit
 .text.PTMSYSM_ConfigureNew3DSCPU
                0x0000000000106ea8       0x34 C:/devkitPro/libctru/lib\libctru.a(ptmsysm.o)
                0x0000000000106ea8                PTMSYSM_ConfigureNew3DSCPU
 .text.rbtree_init
                0x0000000000106edc       0x10 C:/devkitPro/libctru/lib\libctru.a(rbtree_init.o)
                0x0000000000106edc                rbtree_init
 .text.do_insert
                0x0000000000106eec      0x1a0 C:/devkitPro/libctru/lib\libctru.a(rbtree_insert.o)
 .text.rbtree_insert
                0x000000000010708c        0x8 C:/devkitPro/libctru/lib\libctru.a(rbtree_insert.o)
                0x000000000010708c                rbtree_insert
 .text.rbtree_rotate
                0x0000000000107094       0x90 C:/devkitPro/libctru/lib\libctru.a(rbtree_rotate.o)
                0x0000000000107094                rbtree_rotate
 .text.rbtree_remove
                0x0000000000107124      0x338 C:/devkitPro/libctru/lib\libctru.a(rbtree_remove.o)
                0x0000000000107124                rbtree_remove
 .text.rbtree_find
                0x000000000010745c       0x74 C:/devkitPro/libctru/lib\libctru.a(rbtree_find.o)
                0x000000000010745c                rbtree_find
 .text.__libctru_nanosleep
                0x00000000001074d0       0x30 C:/devkitPro/libctru/lib\libctru.a(syscalls.o)
 .text.__libctru_get_reent
                0x0000000000107500       0x30 C:/devkitPro/libctru/lib\libctru.a(syscalls.o)
 .text.__system_initSyscalls
                0x0000000000107530       0xf8 C:/devkitPro/libctru/lib\libctru.a(syscalls.o)
                0x0000000000107530                __system_initSyscalls
 .text.__system_allocateHeaps
                0x0000000000107628      0x1e0 C:/devkitPro/libctru/lib\libctru.a(allocateHeaps.o)
                0x0000000000107628                __system_allocateHeaps
 .text.__appInit
                0x0000000000107808       0x30 C:/devkitPro/libctru/lib\libctru.a(appInit.o)
                0x0000000000107808                __appInit
 .text.__appExit
                0x0000000000107838       0x30 C:/devkitPro/libctru/lib\libctru.a(appExit.o)
                0x0000000000107838                __appExit
 .text.__libctru_exit
                0x0000000000107868       0x90 C:/devkitPro/libctru/lib\libctru.a(ctru_exit.o)
                0x0000000000107868                __libctru_exit
 .text.envGetHandle
                0x00000000001078f8       0x84 C:/devkitPro/libctru/lib\libctru.a(env.o)
                0x00000000001078f8                envGetHandle
 .text.envDestroyHandles
                0x000000000010797c       0x50 C:/devkitPro/libctru/lib\libctru.a(env.o)
                0x000000000010797c                envDestroyHandles
 .text.archive_link
                0x00000000001079cc       0x14 C:/devkitPro/libctru/lib\libctru.a(archive_dev.o)
 .text.archive_dirreset
                0x00000000001079e0       0x14 C:/devkitPro/libctru/lib\libctru.a(archive_dev.o)
 .text.archive_chmod
                0x00000000001079f4       0x14 C:/devkitPro/libctru/lib\libctru.a(archive_dev.o)
 .text.error_cmp
                0x0000000000107a08       0x24 C:/devkitPro/libctru/lib\libctru.a(archive_dev.o)
 .text.archive_translate_error
                0x0000000000107a2c       0x50 C:/devkitPro/libctru/lib\libctru.a(archive_dev.o)
 .text.archive_seek
                0x0000000000107a7c       0xd4 C:/devkitPro/libctru/lib\libctru.a(archive_dev.o)
 .text._archiveInit.part.0
                0x0000000000107b50       0x7c C:/devkitPro/libctru/lib\libctru.a(archive_dev.o)
 .text.archiveFindDevice.part.0
                0x0000000000107bcc       0x8c C:/devkitPro/libctru/lib\libctru.a(archive_dev.o)
 .text.archive_utf16path
                0x0000000000107c58      0x294 C:/devkitPro/libctru/lib\libctru.a(archive_dev.o)
 .text._archiveUnmountDeviceStruct.part.0
                0x0000000000107eec       0xa0 C:/devkitPro/libctru/lib\libctru.a(archive_dev.o)
 .text.archive_fchmod
                0x0000000000107f8c       0x14 C:/devkitPro/libctru/lib\libctru.a(archive_dev.o)
 .text.archive_statvfs
                0x0000000000107fa0       0x14 C:/devkitPro/libctru/lib\libctru.a(archive_dev.o)
 .text._archiveMountDevice
                0x0000000000107fb4      0x158 C:/devkitPro/libctru/lib\libctru.a(archive_dev.o)
 .text.archive_diropen
                0x000000000010810c       0xe8 C:/devkitPro/libctru/lib\libctru.a(archive_dev.o)
 .text.archive_fstat
                0x00000000001081f4       0xa4 C:/devkitPro/libctru/lib\libctru.a(archive_dev.o)
 .text.archive_close
                0x0000000000108298       0x6c C:/devkitPro/libctru/lib\libctru.a(archive_dev.o)
 .text.archive_fsync
                0x0000000000108304       0x6c C:/devkitPro/libctru/lib\libctru.a(archive_dev.o)
 .text.archive_dirclose
                0x0000000000108370       0x70 C:/devkitPro/libctru/lib\libctru.a(archive_dev.o)
 .text.sdmc_statvfs
                0x00000000001083e0       0xe8 C:/devkitPro/libctru/lib\libctru.a(archive_dev.o)
 .text.archive_ftruncate
                0x00000000001084c8       0x80 C:/devkitPro/libctru/lib\libctru.a(archive_dev.o)
 .text.archive_chdir
                0x0000000000108548       0xfc C:/devkitPro/libctru/lib\libctru.a(archive_dev.o)
 .text.archive_read
                0x0000000000108644       0xb0 C:/devkitPro/libctru/lib\libctru.a(archive_dev.o)
 .text.archive_unlink
                0x00000000001086f4       0xac C:/devkitPro/libctru/lib\libctru.a(archive_dev.o)
 .text.archive_rmdir
                0x00000000001087a0       0xc8 C:/devkitPro/libctru/lib\libctru.a(archive_dev.o)
 .text.archive_mkdir
                0x0000000000108868       0xec C:/devkitPro/libctru/lib\libctru.a(archive_dev.o)
 .text.archive_stat
                0x0000000000108954      0x1a8 C:/devkitPro/libctru/lib\libctru.a(archive_dev.o)
 .text.archive_rename
                0x0000000000108afc      0x184 C:/devkitPro/libctru/lib\libctru.a(archive_dev.o)
 .text.archive_dirnext
                0x0000000000108c80      0x168 C:/devkitPro/libctru/lib\libctru.a(archive_dev.o)
 .text.archive_write
                0x0000000000108de8      0x12c C:/devkitPro/libctru/lib\libctru.a(archive_dev.o)
 .text.archive_open
                0x0000000000108f14      0x1f0 C:/devkitPro/libctru/lib\libctru.a(archive_dev.o)
 .text.archiveMountSdmc
                0x0000000000109104      0x1a4 C:/devkitPro/libctru/lib\libctru.a(archive_dev.o)
                0x0000000000109104                archiveMountSdmc
 .text.archiveUnmountAll
                0x00000000001092a8       0x54 C:/devkitPro/libctru/lib\libctru.a(archive_dev.o)
                0x00000000001092a8                archiveUnmountAll
 .text.fsInit   0x00000000001092fc       0xc8 C:/devkitPro/libctru/lib\libctru.a(fs.o)
                0x00000000001092fc                fsInit
 .text.fsExit   0x00000000001093c4       0x3c C:/devkitPro/libctru/lib\libctru.a(fs.o)
                0x00000000001093c4                fsExit
 .text.fsExemptFromSession
                0x0000000000109400       0x60 C:/devkitPro/libctru/lib\libctru.a(fs.o)
                0x0000000000109400                fsExemptFromSession
 .text.fsUnexemptFromSession
                0x0000000000109460       0x50 C:/devkitPro/libctru/lib\libctru.a(fs.o)
                0x0000000000109460                fsUnexemptFromSession
 .text.FSUSER_OpenFile
                0x00000000001094b0       0xcc C:/devkitPro/libctru/lib\libctru.a(fs.o)
                0x00000000001094b0                FSUSER_OpenFile
 .text.FSUSER_DeleteFile
                0x000000000010957c       0xbc C:/devkitPro/libctru/lib\libctru.a(fs.o)
                0x000000000010957c                FSUSER_DeleteFile
 .text.FSUSER_RenameFile
                0x0000000000109638       0xf8 C:/devkitPro/libctru/lib\libctru.a(fs.o)
                0x0000000000109638                FSUSER_RenameFile
 .text.FSUSER_DeleteDirectory
                0x0000000000109730       0xbc C:/devkitPro/libctru/lib\libctru.a(fs.o)
                0x0000000000109730                FSUSER_DeleteDirectory
 .text.FSUSER_CreateFile
                0x00000000001097ec       0xd4 C:/devkitPro/libctru/lib\libctru.a(fs.o)
                0x00000000001097ec                FSUSER_CreateFile
 .text.FSUSER_CreateDirectory
                0x00000000001098c0       0xc4 C:/devkitPro/libctru/lib\libctru.a(fs.o)
                0x00000000001098c0                FSUSER_CreateDirectory
 .text.FSUSER_RenameDirectory
                0x0000000000109984       0xf8 C:/devkitPro/libctru/lib\libctru.a(fs.o)
                0x0000000000109984                FSUSER_RenameDirectory
 .text.FSUSER_OpenDirectory
                0x0000000000109a7c       0xb4 C:/devkitPro/libctru/lib\libctru.a(fs.o)
                0x0000000000109a7c                FSUSER_OpenDirectory
 .text.FSUSER_OpenArchive
                0x0000000000109b30       0x94 C:/devkitPro/libctru/lib\libctru.a(fs.o)
                0x0000000000109b30                FSUSER_OpenArchive
 .text.FSUSER_CloseArchive
                0x0000000000109bc4       0x8c C:/devkitPro/libctru/lib\libctru.a(fs.o)
                0x0000000000109bc4                FSUSER_CloseArchive
 .text.FSUSER_GetSdmcArchiveResource
                0x0000000000109c50       0x74 C:/devkitPro/libctru/lib\libctru.a(fs.o)
                0x0000000000109c50                FSUSER_GetSdmcArchiveResource
 .text.FSUSER_IsSdmcWritable
                0x0000000000109cc4       0x64 C:/devkitPro/libctru/lib\libctru.a(fs.o)
                0x0000000000109cc4                FSUSER_IsSdmcWritable
 .text.FSFILE_Read
                0x0000000000109d28       0x58 C:/devkitPro/libctru/lib\libctru.a(fs.o)
                0x0000000000109d28                FSFILE_Read
 .text.FSFILE_Write
                0x0000000000109d80       0x60 C:/devkitPro/libctru/lib\libctru.a(fs.o)
                0x0000000000109d80                FSFILE_Write
 .text.FSFILE_GetSize
                0x0000000000109de0       0x38 C:/devkitPro/libctru/lib\libctru.a(fs.o)
                0x0000000000109de0                FSFILE_GetSize
 .text.FSFILE_SetSize
                0x0000000000109e18       0x28 C:/devkitPro/libctru/lib\libctru.a(fs.o)
                0x0000000000109e18                FSFILE_SetSize
 .text.FSFILE_Close
                0x0000000000109e40       0x3c C:/devkitPro/libctru/lib\libctru.a(fs.o)
                0x0000000000109e40                FSFILE_Close
 .text.FSFILE_Flush
                0x0000000000109e7c       0x24 C:/devkitPro/libctru/lib\libctru.a(fs.o)
                0x0000000000109e7c                FSFILE_Flush
 .text.FSDIR_Read
                0x0000000000109ea0       0x50 C:/devkitPro/libctru/lib\libctru.a(fs.o)
                0x0000000000109ea0                FSDIR_Read
 .text.FSDIR_Close
                0x0000000000109ef0       0x3c C:/devkitPro/libctru/lib\libctru.a(fs.o)
                0x0000000000109ef0                FSDIR_Close
 .text.rbtree_node_next
                0x0000000000109f2c       0x50 C:/devkitPro/libctru/lib\libctru.a(rbtree_iterator.o)
                0x0000000000109f2c                rbtree_node_next
 .text.utf8_to_utf16
                0x0000000000109f7c       0xc0 C:/devkitPro/libctru/lib\libctru.a(utf8_to_utf16.o)
                0x0000000000109f7c                utf8_to_utf16
 .text.decode_utf8
                0x000000000010a03c      0x13c C:/devkitPro/libctru/lib\libctru.a(decode_utf8.o)
                0x000000000010a03c                decode_utf8
 .text.utf16_to_utf8
                0x000000000010a178       0xe8 C:/devkitPro/libctru/lib\libctru.a(utf16_to_utf8.o)
                0x000000000010a178                utf16_to_utf8
 .text.__aeabi_read_tp
                0x000000000010a260        0xc C:/devkitPro/libctru/lib\libctru.a(readtp.o)
                0x000000000010a260                __aeabi_read_tp
 .text.encode_utf16
                0x000000000010a26c       0x60 C:/devkitPro/libctru/lib\libctru.a(encode_utf16.o)
                0x000000000010a26c                encode_utf16
 .text.encode_utf8
                0x000000000010a2cc       0xfc C:/devkitPro/libctru/lib\libctru.a(encode_utf8.o)
                0x000000000010a2cc                encode_utf8
 .text.decode_utf16
                0x000000000010a3c8       0x64 C:/devkitPro/libctru/lib\libctru.a(decode_utf16.o)
                0x000000000010a3c8                decode_utf16
 .text.__udivmoddi4
                0x000000000010a42c      0x120 c:/devkitpro/devkitarm/bin/../lib/gcc/arm-none-eabi/10.2.0/armv6k/fpu\libgcc.a(_udivmoddi4.o)
                0x000000000010a42c                __udivmoddi4
 .text.bsearch  0x000000000010a54c       0x78 c:/devkitpro/devkitarm/bin/../lib/gcc/arm-none-eabi/10.2.0/../../../../arm-none-eabi/lib/armv6k/fpu\libg.a(lib_a-bsearch.o)
                0x000000000010a54c                bsearch
 .text.__errno  0x000000000010a5c4        0xc c:/devkitpro/devkitarm/bin/../lib/gcc/arm-none-eabi/10.2.0/../../../../arm-none-eabi/lib/armv6k/fpu\libg.a(lib_a-errno.o)
                0x000000000010a5c4                __errno
 .text.exit     0x000000000010a5d0       0x34 c:/devkitpro/devkitarm/bin/../lib/gcc/arm-none-eabi/10.2.0/../../../../arm-none-eabi/lib/armv6k/fpu\libg.a(lib_a-exit.o)
                0x000000000010a5d0                exit
 .text.__libc_fini_array
                0x000000000010a604       0x3c c:/devkitpro/devkitarm/bin/../lib/gcc/arm-none-eabi/10.2.0/../../../../arm-none-eabi/lib/armv6k/fpu\libg.a(lib_a-fini.o)
                0x000000000010a604                __libc_fini_array
 .text.__libc_init_array
                0x000000000010a640       0x7c c:/devkitpro/devkitarm/bin/../lib/gcc/arm-none-eabi/10.2.0/../../../../arm-none-eabi/lib/armv6k/fpu\libg.a(lib_a-init.o)
                0x000000000010a640                __libc_init_array
 .text.memalign
                0x000000000010a6bc       0x28 c:/devkitpro/devkitarm/bin/../lib/gcc/arm-none-eabi/10.2.0/../../../../arm-none-eabi/lib/armv6k/fpu\libg.a(lib_a-malign.o)
                0x000000000010a6bc                memalign
 .text._memalign_r
                0x000000000010a6e4      0x148 c:/devkitpro/devkitarm/bin/../lib/gcc/arm-none-eabi/10.2.0/../../../../arm-none-eabi/lib/armv6k/fpu\libg.a(lib_a-malignr.o)
                0x000000000010a6e4                _memalign_r
 .text.malloc   0x000000000010a82c       0x20 c:/devkitpro/devkitarm/bin/../lib/gcc/arm-none-eabi/10.2.0/../../../../arm-none-eabi/lib/armv6k/fpu\libg.a(lib_a-malloc.o)
                0x000000000010a82c                malloc
 .text.free     0x000000000010a84c       0x20 c:/devkitpro/devkitarm/bin/../lib/gcc/arm-none-eabi/10.2.0/../../../../arm-none-eabi/lib/armv6k/fpu\libg.a(lib_a-malloc.o)
                0x000000000010a84c                free
 .text._malloc_r
                0x000000000010a86c      0x7f0 c:/devkitpro/devkitarm/bin/../lib/gcc/arm-none-eabi/10.2.0/../../../../arm-none-eabi/lib/armv6k/fpu\libg.a(lib_a-mallocr.o)
                0x000000000010a86c                _malloc_r
 .text.memchr   0x000000000010b05c       0xe0 c:/devkitpro/devkitarm/bin/../lib/gcc/arm-none-eabi/10.2.0/../../../../arm-none-eabi/lib/armv6k/fpu\libg.a(lib_a-memchr-stub.o)
                0x000000000010b05c                memchr
 .text.memcpy   0x000000000010b13c      0x11c c:/devkitpro/devkitarm/bin/../lib/gcc/arm-none-eabi/10.2.0/../../../../arm-none-eabi/lib/armv6k/fpu\libg.a(lib_a-memcpy-stub.o)
                0x000000000010b13c                memcpy
 .text.memset   0x000000000010b258      0x118 c:/devkitpro/devkitarm/bin/../lib/gcc/arm-none-eabi/10.2.0/../../../../arm-none-eabi/lib/armv6k/fpu\libg.a(lib_a-memset.o)
                0x000000000010b258                memset
 .text.__malloc_lock
                0x000000000010b370        0xc c:/devkitpro/devkitarm/bin/../lib/gcc/arm-none-eabi/10.2.0/../../../../arm-none-eabi/lib/armv6k/fpu\libg.a(lib_a-mlock.o)
                0x000000000010b370                __malloc_lock
 .text.__malloc_unlock
                0x000000000010b37c        0xc c:/devkitpro/devkitarm/bin/../lib/gcc/arm-none-eabi/10.2.0/../../../../arm-none-eabi/lib/armv6k/fpu\libg.a(lib_a-mlock.o)
                0x000000000010b37c                __malloc_unlock
 .text.printf   0x000000000010b388       0x34 c:/devkitpro/devkitarm/bin/../lib/gcc/arm-none-eabi/10.2.0/../../../../arm-none-eabi/lib/armv6k/fpu\libg.a(lib_a-printf.o)
                0x000000000010b388                printf
 .text._puts_r  0x000000000010b3bc       0xe0 c:/devkitpro/devkitarm/bin/../lib/gcc/arm-none-eabi/10.2.0/../../../../arm-none-eabi/lib/armv6k/fpu\libg.a(lib_a-puts.o)
                0x000000000010b3bc                _puts_r
 .text.puts     0x000000000010b49c       0x20 c:/devkitpro/devkitarm/bin/../lib/gcc/arm-none-eabi/10.2.0/../../../../arm-none-eabi/lib/armv6k/fpu\libg.a(lib_a-puts.o)
                0x000000000010b49c                puts
 .text.setvbuf  0x000000000010b4bc      0x260 c:/devkitpro/devkitarm/bin/../lib/gcc/arm-none-eabi/10.2.0/../../../../arm-none-eabi/lib/armv6k/fpu\libg.a(lib_a-setvbuf.o)
                0x000000000010b4bc                setvbuf
 .text.sscanf   0x000000000010b71c       0x74 c:/devkitpro/devkitarm/bin/../lib/gcc/arm-none-eabi/10.2.0/../../../../arm-none-eabi/lib/armv6k/fpu\libg.a(lib_a-sscanf.o)
                0x000000000010b71c                sscanf
 .text.__sread  0x000000000010b790       0x44 c:/devkitpro/devkitarm/bin/../lib/gcc/arm-none-eabi/10.2.0/../../../../arm-none-eabi/lib/armv6k/fpu\libg.a(lib_a-stdio.o)
                0x000000000010b790                __sread
 .text.__seofread
                0x000000000010b7d4        0x8 c:/devkitpro/devkitarm/bin/../lib/gcc/arm-none-eabi/10.2.0/../../../../arm-none-eabi/lib/armv6k/fpu\libg.a(lib_a-stdio.o)
                0x000000000010b7d4                __seofread
 .text.__swrite
                0x000000000010b7dc       0x68 c:/devkitpro/devkitarm/bin/../lib/gcc/arm-none-eabi/10.2.0/../../../../arm-none-eabi/lib/armv6k/fpu\libg.a(lib_a-stdio.o)
                0x000000000010b7dc                __swrite
 .text.__sseek  0x000000000010b844       0x48 c:/devkitpro/devkitarm/bin/../lib/gcc/arm-none-eabi/10.2.0/../../../../arm-none-eabi/lib/armv6k/fpu\libg.a(lib_a-stdio.o)
                0x000000000010b844                __sseek
 .text.__sclose
                0x000000000010b88c        0x8 c:/devkitpro/devkitarm/bin/../lib/gcc/arm-none-eabi/10.2.0/../../../../arm-none-eabi/lib/armv6k/fpu\libg.a(lib_a-stdio.o)
                0x000000000010b88c                __sclose
 .text.strlen   0x000000000010b894       0x5c c:/devkitpro/devkitarm/bin/../lib/gcc/arm-none-eabi/10.2.0/../../../../arm-none-eabi/lib/armv6k/fpu\libg.a(lib_a-strlen-stub.o)
                0x000000000010b894                strlen
 .text.strncat  0x000000000010b8f0       0xec c:/devkitpro/devkitarm/bin/../lib/gcc/arm-none-eabi/10.2.0/../../../../arm-none-eabi/lib/armv6k/fpu\libg.a(lib_a-strncat.o)
                0x000000000010b8f0                strncat
 .text.strncmp  0x000000000010b9dc       0xdc c:/devkitpro/devkitarm/bin/../lib/gcc/arm-none-eabi/10.2.0/../../../../arm-none-eabi/lib/armv6k/fpu\libg.a(lib_a-strncmp.o)
                0x000000000010b9dc                strncmp
 .text.strncpy  0x000000000010bab8       0xc0 c:/devkitpro/devkitarm/bin/../lib/gcc/arm-none-eabi/10.2.0/../../../../arm-none-eabi/lib/armv6k/fpu\libg.a(lib_a-strncpy.o)
                0x000000000010bab8                strncpy
 .text.strnlen  0x000000000010bb78       0x48 c:/devkitpro/devkitarm/bin/../lib/gcc/arm-none-eabi/10.2.0/../../../../arm-none-eabi/lib/armv6k/fpu\libg.a(lib_a-strnlen.o)
                0x000000000010bb78                strnlen
 .text.get_arg  0x000000000010bbc0       0x50 c:/devkitpro/devkitarm/bin/../lib/gcc/arm-none-eabi/10.2.0/../../../../arm-none-eabi/lib/armv6k/fpu\libg.a(lib_a-svfscanf.o)
 .text.__ssvfscanf_r
                0x000000000010bc10     0x2b68 c:/devkitpro/devkitarm/bin/../lib/gcc/arm-none-eabi/10.2.0/../../../../arm-none-eabi/lib/armv6k/fpu\libg.a(lib_a-svfscanf.o)
                0x000000000010bc10                __ssvfscanf_r
 .text.get_arg  0x000000000010e778      0x64c c:/devkitpro/devkitarm/bin/../lib/gcc/arm-none-eabi/10.2.0/../../../../arm-none-eabi/lib/armv6k/fpu\libg.a(lib_a-vfiprintf.o)
 .text.__sprint_r
                0x000000000010edc4       0x34 c:/devkitpro/devkitarm/bin/../lib/gcc/arm-none-eabi/10.2.0/../../../../arm-none-eabi/lib/armv6k/fpu\libg.a(lib_a-vfiprintf.o)
                0x000000000010edc4                __sprint_r
 .text._vfiprintf_r
                0x000000000010edf8     0x2584 c:/devkitpro/devkitarm/bin/../lib/gcc/arm-none-eabi/10.2.0/../../../../arm-none-eabi/lib/armv6k/fpu\libg.a(lib_a-vfiprintf.o)
                0x000000000010edf8                _vfiprintf_r
 .text.__sbprintf
                0x000000000011137c       0xd4 c:/devkitpro/devkitarm/bin/../lib/gcc/arm-none-eabi/10.2.0/../../../../arm-none-eabi/lib/armv6k/fpu\libg.a(lib_a-vfiprintf.o)
 .text.get_arg  0x0000000000111450      0x64c c:/devkitpro/devkitarm/bin/../lib/gcc/arm-none-eabi/10.2.0/../../../../arm-none-eabi/lib/armv6k/fpu\libg.a(lib_a-vfprintf.o)
 *fill*         0x0000000000111a9c        0x4 
 .text._vfprintf_r
                0x0000000000111aa0     0x38d4 c:/devkitpro/devkitarm/bin/../lib/gcc/arm-none-eabi/10.2.0/../../../../arm-none-eabi/lib/armv6k/fpu\libg.a(lib_a-vfprintf.o)
                0x0000000000111aa0                _vfprintf_r
 .text.__sbprintf
                0x0000000000115374       0xd4 c:/devkitpro/devkitarm/bin/../lib/gcc/arm-none-eabi/10.2.0/../../../../arm-none-eabi/lib/armv6k/fpu\libg.a(lib_a-vfprintf.o)
 .text._wcrtomb_r
                0x0000000000115448       0x54 c:/devkitpro/devkitarm/bin/../lib/gcc/arm-none-eabi/10.2.0/../../../../arm-none-eabi/lib/armv6k/fpu\libg.a(lib_a-wcrtomb.o)
                0x0000000000115448                _wcrtomb_r
 .text._wcsrtombs_r
                0x000000000011549c       0x28 c:/devkitpro/devkitarm/bin/../lib/gcc/arm-none-eabi/10.2.0/../../../../arm-none-eabi/lib/armv6k/fpu\libg.a(lib_a-wcsrtombs.o)
                0x000000000011549c                _wcsrtombs_r
 .text.__swsetup_r
                0x00000000001154c4      0x154 c:/devkitpro/devkitarm/bin/../lib/gcc/arm-none-eabi/10.2.0/../../../../arm-none-eabi/lib/armv6k/fpu\libg.a(lib_a-wsetup.o)
                0x00000000001154c4                __swsetup_r
 .text.__call_exitprocs
                0x0000000000115618      0x114 c:/devkitpro/devkitarm/bin/../lib/gcc/arm-none-eabi/10.2.0/../../../../arm-none-eabi/lib/armv6k/fpu\libg.a(lib_a-__call_atexit.o)
                0x0000000000115618                __call_exitprocs
 .text.quorem   0x000000000011572c      0x1a8 c:/devkitpro/devkitarm/bin/../lib/gcc/arm-none-eabi/10.2.0/../../../../arm-none-eabi/lib/armv6k/fpu\libg.a(lib_a-dtoa.o)
 *fill*         0x00000000001158d4        0x4 
 .text._dtoa_r  0x00000000001158d8     0x12ec c:/devkitpro/devkitarm/bin/../lib/gcc/arm-none-eabi/10.2.0/../../../../arm-none-eabi/lib/armv6k/fpu\libg.a(lib_a-dtoa.o)
                0x00000000001158d8                _dtoa_r
 .text.__sflush_r
                0x0000000000116bc4      0x258 c:/devkitpro/devkitarm/bin/../lib/gcc/arm-none-eabi/10.2.0/../../../../arm-none-eabi/lib/armv6k/fpu\libg.a(lib_a-fflush.o)
                0x0000000000116bc4                __sflush_r
 .text._fflush_r
                0x0000000000116e1c       0x94 c:/devkitpro/devkitarm/bin/../lib/gcc/arm-none-eabi/10.2.0/../../../../arm-none-eabi/lib/armv6k/fpu\libg.a(lib_a-fflush.o)
                0x0000000000116e1c                _fflush_r
 .text._cleanup_r
                0x0000000000116eb0        0xc c:/devkitpro/devkitarm/bin/../lib/gcc/arm-none-eabi/10.2.0/../../../../arm-none-eabi/lib/armv6k/fpu\libg.a(lib_a-findfp.o)
                0x0000000000116eb0                _cleanup_r
 .text.__sinit  0x0000000000116ebc      0x184 c:/devkitpro/devkitarm/bin/../lib/gcc/arm-none-eabi/10.2.0/../../../../arm-none-eabi/lib/armv6k/fpu\libg.a(lib_a-findfp.o)
                0x0000000000116ebc                __sinit
 .text.__sfp_lock_acquire
                0x0000000000117040        0xc c:/devkitpro/devkitarm/bin/../lib/gcc/arm-none-eabi/10.2.0/../../../../arm-none-eabi/lib/armv6k/fpu\libg.a(lib_a-findfp.o)
                0x0000000000117040                __sfp_lock_acquire
 .text.__sfp_lock_release
                0x000000000011704c        0xc c:/devkitpro/devkitarm/bin/../lib/gcc/arm-none-eabi/10.2.0/../../../../arm-none-eabi/lib/armv6k/fpu\libg.a(lib_a-findfp.o)
                0x000000000011704c                __sfp_lock_release
 .text._malloc_trim_r
                0x0000000000117058       0xf8 c:/devkitpro/devkitarm/bin/../lib/gcc/arm-none-eabi/10.2.0/../../../../arm-none-eabi/lib/armv6k/fpu\libg.a(lib_a-freer.o)
                0x0000000000117058                _malloc_trim_r
 .text._free_r  0x0000000000117150      0x2e4 c:/devkitpro/devkitarm/bin/../lib/gcc/arm-none-eabi/10.2.0/../../../../arm-none-eabi/lib/armv6k/fpu\libg.a(lib_a-freer.o)
                0x0000000000117150                _free_r
 .text.__sfvwrite_r
                0x0000000000117434      0x4a4 c:/devkitpro/devkitarm/bin/../lib/gcc/arm-none-eabi/10.2.0/../../../../arm-none-eabi/lib/armv6k/fpu\libg.a(lib_a-fvwrite.o)
                0x0000000000117434                __sfvwrite_r
 .text._fwalk_reent
                0x00000000001178d8       0x70 c:/devkitpro/devkitarm/bin/../lib/gcc/arm-none-eabi/10.2.0/../../../../arm-none-eabi/lib/armv6k/fpu\libg.a(lib_a-fwalk.o)
                0x00000000001178d8                _fwalk_reent
 .text.iswspace
                0x0000000000117948        0x8 c:/devkitpro/devkitarm/bin/../lib/gcc/arm-none-eabi/10.2.0/../../../../arm-none-eabi/lib/armv6k/fpu\libg.a(lib_a-iswspace.o)
                0x0000000000117948                iswspace
 .text._localeconv_r
                0x0000000000117950        0xc c:/devkitpro/devkitarm/bin/../lib/gcc/arm-none-eabi/10.2.0/../../../../arm-none-eabi/lib/armv6k/fpu\libg.a(lib_a-localeconv.o)
                0x0000000000117950                _localeconv_r
 .text.__locale_mb_cur_max
                0x000000000011795c       0x10 c:/devkitpro/devkitarm/bin/../lib/gcc/arm-none-eabi/10.2.0/../../../../arm-none-eabi/lib/armv6k/fpu\libg.a(lib_a-locale.o)
                0x000000000011795c                __locale_mb_cur_max
 .text.__smakebuf_r
                0x000000000011796c      0x138 c:/devkitpro/devkitarm/bin/../lib/gcc/arm-none-eabi/10.2.0/../../../../arm-none-eabi/lib/armv6k/fpu\libg.a(lib_a-makebuf.o)
                0x000000000011796c                __smakebuf_r
 .text.__swhatbuf_r
                0x0000000000117aa4       0x94 c:/devkitpro/devkitarm/bin/../lib/gcc/arm-none-eabi/10.2.0/../../../../arm-none-eabi/lib/armv6k/fpu\libg.a(lib_a-makebuf.o)
                0x0000000000117aa4                __swhatbuf_r
 .text._mbrtowc_r
                0x0000000000117b38       0x68 c:/devkitpro/devkitarm/bin/../lib/gcc/arm-none-eabi/10.2.0/../../../../arm-none-eabi/lib/armv6k/fpu\libg.a(lib_a-mbrtowc.o)
                0x0000000000117b38                _mbrtowc_r
 .text.__utf8_mbtowc
                0x0000000000117ba0      0x2fc c:/devkitpro/devkitarm/bin/../lib/gcc/arm-none-eabi/10.2.0/../../../../arm-none-eabi/lib/armv6k/fpu\libg.a(lib_a-mbtowc_r.o)
                0x0000000000117ba0                __utf8_mbtowc
 .text.memmove  0x0000000000117e9c      0x154 c:/devkitpro/devkitarm/bin/../lib/gcc/arm-none-eabi/10.2.0/../../../../arm-none-eabi/lib/armv6k/fpu\libg.a(lib_a-memmove.o)
                0x0000000000117e9c                memmove
 .text._Balloc  0x0000000000117ff0       0x88 c:/devkitpro/devkitarm/bin/../lib/gcc/arm-none-eabi/10.2.0/../../../../arm-none-eabi/lib/armv6k/fpu\libg.a(lib_a-mprec.o)
                0x0000000000117ff0                _Balloc
 .text._Bfree   0x0000000000118078       0x1c c:/devkitpro/devkitarm/bin/../lib/gcc/arm-none-eabi/10.2.0/../../../../arm-none-eabi/lib/armv6k/fpu\libg.a(lib_a-mprec.o)
                0x0000000000118078                _Bfree
 .text.__multadd
                0x0000000000118094       0xf4 c:/devkitpro/devkitarm/bin/../lib/gcc/arm-none-eabi/10.2.0/../../../../arm-none-eabi/lib/armv6k/fpu\libg.a(lib_a-mprec.o)
                0x0000000000118094                __multadd
 .text.__s2b    0x0000000000118188      0x110 c:/devkitpro/devkitarm/bin/../lib/gcc/arm-none-eabi/10.2.0/../../../../arm-none-eabi/lib/armv6k/fpu\libg.a(lib_a-mprec.o)
                0x0000000000118188                __s2b
 .text.__hi0bits
                0x0000000000118298       0x58 c:/devkitpro/devkitarm/bin/../lib/gcc/arm-none-eabi/10.2.0/../../../../arm-none-eabi/lib/armv6k/fpu\libg.a(lib_a-mprec.o)
                0x0000000000118298                __hi0bits
 .text.__lo0bits
                0x00000000001182f0       0x9c c:/devkitpro/devkitarm/bin/../lib/gcc/arm-none-eabi/10.2.0/../../../../arm-none-eabi/lib/armv6k/fpu\libg.a(lib_a-mprec.o)
                0x00000000001182f0                __lo0bits
 .text.__i2b    0x000000000011838c       0xa4 c:/devkitpro/devkitarm/bin/../lib/gcc/arm-none-eabi/10.2.0/../../../../arm-none-eabi/lib/armv6k/fpu\libg.a(lib_a-mprec.o)
                0x000000000011838c                __i2b
 .text.__multiply
                0x0000000000118430      0x204 c:/devkitpro/devkitarm/bin/../lib/gcc/arm-none-eabi/10.2.0/../../../../arm-none-eabi/lib/armv6k/fpu\libg.a(lib_a-mprec.o)
                0x0000000000118430                __multiply
 .text.__pow5mult
                0x0000000000118634      0x120 c:/devkitpro/devkitarm/bin/../lib/gcc/arm-none-eabi/10.2.0/../../../../arm-none-eabi/lib/armv6k/fpu\libg.a(lib_a-mprec.o)
                0x0000000000118634                __pow5mult
 .text.__lshift
                0x0000000000118754      0x13c c:/devkitpro/devkitarm/bin/../lib/gcc/arm-none-eabi/10.2.0/../../../../arm-none-eabi/lib/armv6k/fpu\libg.a(lib_a-mprec.o)
                0x0000000000118754                __lshift
 .text.__mcmp   0x0000000000118890       0x58 c:/devkitpro/devkitarm/bin/../lib/gcc/arm-none-eabi/10.2.0/../../../../arm-none-eabi/lib/armv6k/fpu\libg.a(lib_a-mprec.o)
                0x0000000000118890                __mcmp
 .text.__mdiff  0x00000000001188e8      0x1cc c:/devkitpro/devkitarm/bin/../lib/gcc/arm-none-eabi/10.2.0/../../../../arm-none-eabi/lib/armv6k/fpu\libg.a(lib_a-mprec.o)
                0x00000000001188e8                __mdiff
 .text.__ulp    0x0000000000118ab4       0x88 c:/devkitpro/devkitarm/bin/../lib/gcc/arm-none-eabi/10.2.0/../../../../arm-none-eabi/lib/armv6k/fpu\libg.a(lib_a-mprec.o)
                0x0000000000118ab4                __ulp
 .text.__b2d    0x0000000000118b3c       0xd4 c:/devkitpro/devkitarm/bin/../lib/gcc/arm-none-eabi/10.2.0/../../../../arm-none-eabi/lib/armv6k/fpu\libg.a(lib_a-mprec.o)
                0x0000000000118b3c                __b2d
 .text.__d2b    0x0000000000118c10      0x12c c:/devkitpro/devkitarm/bin/../lib/gcc/arm-none-eabi/10.2.0/../../../../arm-none-eabi/lib/armv6k/fpu\libg.a(lib_a-mprec.o)
                0x0000000000118c10                __d2b
 .text.__ratio  0x0000000000118d3c       0x78 c:/devkitpro/devkitarm/bin/../lib/gcc/arm-none-eabi/10.2.0/../../../../arm-none-eabi/lib/armv6k/fpu\libg.a(lib_a-mprec.o)
                0x0000000000118d3c                __ratio
 .text.__copybits
                0x0000000000118db4       0x88 c:/devkitpro/devkitarm/bin/../lib/gcc/arm-none-eabi/10.2.0/../../../../arm-none-eabi/lib/armv6k/fpu\libg.a(lib_a-mprec.o)
                0x0000000000118db4                __copybits
 .text.__any_on
                0x0000000000118e3c       0x5c c:/devkitpro/devkitarm/bin/../lib/gcc/arm-none-eabi/10.2.0/../../../../arm-none-eabi/lib/armv6k/fpu\libg.a(lib_a-mprec.o)
                0x0000000000118e3c                __any_on
 .text.realloc  0x0000000000118e98       0x28 c:/devkitpro/devkitarm/bin/../lib/gcc/arm-none-eabi/10.2.0/../../../../arm-none-eabi/lib/armv6k/fpu\libg.a(lib_a-realloc.o)
                0x0000000000118e98                realloc
 .text._realloc_r
                0x0000000000118ec0      0x598 c:/devkitpro/devkitarm/bin/../lib/gcc/arm-none-eabi/10.2.0/../../../../arm-none-eabi/lib/armv6k/fpu\libg.a(lib_a-reallocr.o)
                0x0000000000118ec0                _realloc_r
 .text.__sccl   0x0000000000119458       0xe4 c:/devkitpro/devkitarm/bin/../lib/gcc/arm-none-eabi/10.2.0/../../../../arm-none-eabi/lib/armv6k/fpu\libg.a(lib_a-sccl.o)
                0x0000000000119458                __sccl
 .text.nanf     0x000000000011953c        0xc c:/devkitpro/devkitarm/bin/../lib/gcc/arm-none-eabi/10.2.0/../../../../arm-none-eabi/lib/armv6k/fpu\libg.a(lib_a-sf_nan.o)
                0x000000000011953c                nanf
 .text.frexp    0x0000000000119548       0xa8 c:/devkitpro/devkitarm/bin/../lib/gcc/arm-none-eabi/10.2.0/../../../../arm-none-eabi/lib/armv6k/fpu\libg.a(lib_a-s_frexp.o)
                0x0000000000119548                frexp
 .text.sprintf  0x00000000001195f0       0x64 c:/devkitpro/devkitarm/bin/../lib/gcc/arm-none-eabi/10.2.0/../../../../arm-none-eabi/lib/armv6k/fpu\libg.a(lib_a-sprintf.o)
                0x00000000001195f0                sprintf
 .text.stpncpy  0x0000000000119654       0xb8 c:/devkitpro/devkitarm/bin/../lib/gcc/arm-none-eabi/10.2.0/../../../../arm-none-eabi/lib/armv6k/fpu\libg.a(lib_a-stpncpy.o)
                0x0000000000119654                stpncpy
 .text.strchr   0x000000000011970c      0x144 c:/devkitpro/devkitarm/bin/../lib/gcc/arm-none-eabi/10.2.0/../../../../arm-none-eabi/lib/armv6k/fpu\libg.a(lib_a-strchr.o)
                0x000000000011970c                strchr
 .text._strtod_l
                0x0000000000119850     0x130c c:/devkitpro/devkitarm/bin/../lib/gcc/arm-none-eabi/10.2.0/../../../../arm-none-eabi/lib/armv6k/fpu\libg.a(lib_a-strtod.o)
                0x0000000000119850                _strtod_l
 .text._strtod_r
                0x000000000011ab5c        0xc c:/devkitpro/devkitarm/bin/../lib/gcc/arm-none-eabi/10.2.0/../../../../arm-none-eabi/lib/armv6k/fpu\libg.a(lib_a-strtod.o)
                0x000000000011ab5c                _strtod_r
 .text._strtoll_l.constprop.0
                0x000000000011ab68      0x22c c:/devkitpro/devkitarm/bin/../lib/gcc/arm-none-eabi/10.2.0/../../../../arm-none-eabi/lib/armv6k/fpu\libg.a(lib_a-strtoll.o)
 .text._strtoll_r
                0x000000000011ad94        0x4 c:/devkitpro/devkitarm/bin/../lib/gcc/arm-none-eabi/10.2.0/../../../../arm-none-eabi/lib/armv6k/fpu\libg.a(lib_a-strtoll.o)
                0x000000000011ad94                _strtoll_r
 .text._strtol_l.part.0
                0x000000000011ad98      0x1b0 c:/devkitpro/devkitarm/bin/../lib/gcc/arm-none-eabi/10.2.0/../../../../arm-none-eabi/lib/armv6k/fpu\libg.a(lib_a-strtol.o)
 .text._strtol_r
                0x000000000011af48       0x3c c:/devkitpro/devkitarm/bin/../lib/gcc/arm-none-eabi/10.2.0/../../../../arm-none-eabi/lib/armv6k/fpu\libg.a(lib_a-strtol.o)
                0x000000000011af48                _strtol_r
 .text._strtoull_l.constprop.0
                0x000000000011af84      0x244 c:/devkitpro/devkitarm/bin/../lib/gcc/arm-none-eabi/10.2.0/../../../../arm-none-eabi/lib/armv6k/fpu\libg.a(lib_a-strtoull.o)
 .text._strtoull_r
                0x000000000011b1c8        0x4 c:/devkitpro/devkitarm/bin/../lib/gcc/arm-none-eabi/10.2.0/../../../../arm-none-eabi/lib/armv6k/fpu\libg.a(lib_a-strtoull.o)
                0x000000000011b1c8                _strtoull_r
 .text._strtoul_l.constprop.0
                0x000000000011b1cc      0x1c8 c:/devkitpro/devkitarm/bin/../lib/gcc/arm-none-eabi/10.2.0/../../../../arm-none-eabi/lib/armv6k/fpu\libg.a(lib_a-strtoul.o)
 .text._strtoul_r
                0x000000000011b394        0x4 c:/devkitpro/devkitarm/bin/../lib/gcc/arm-none-eabi/10.2.0/../../../../arm-none-eabi/lib/armv6k/fpu\libg.a(lib_a-strtoul.o)
                0x000000000011b394                _strtoul_r
 .text.__ssprint_r
                0x000000000011b398      0x188 c:/devkitpro/devkitarm/bin/../lib/gcc/arm-none-eabi/10.2.0/../../../../arm-none-eabi/lib/armv6k/fpu\libg.a(lib_a-svfiprintf.o)
                0x000000000011b398                __ssprint_r
 .text._sungetc_r
                0x000000000011b520       0xe0 c:/devkitpro/devkitarm/bin/../lib/gcc/arm-none-eabi/10.2.0/../../../../arm-none-eabi/lib/armv6k/fpu\libg.a(lib_a-svfiscanf.o)
                0x000000000011b520                _sungetc_r
 .text.__ssrefill_r
                0x000000000011b600       0x6c c:/devkitpro/devkitarm/bin/../lib/gcc/arm-none-eabi/10.2.0/../../../../arm-none-eabi/lib/armv6k/fpu\libg.a(lib_a-svfiscanf.o)
                0x000000000011b600                __ssrefill_r
 .text._sfread_r
                0x000000000011b66c       0xc8 c:/devkitpro/devkitarm/bin/../lib/gcc/arm-none-eabi/10.2.0/../../../../arm-none-eabi/lib/armv6k/fpu\libg.a(lib_a-svfiscanf.o)
                0x000000000011b66c                _sfread_r
 .text.get_arg  0x000000000011b734      0x64c c:/devkitpro/devkitarm/bin/../lib/gcc/arm-none-eabi/10.2.0/../../../../arm-none-eabi/lib/armv6k/fpu\libg.a(lib_a-svfprintf.o)
 .text._svfprintf_r
                0x000000000011bd80     0x3808 c:/devkitpro/devkitarm/bin/../lib/gcc/arm-none-eabi/10.2.0/../../../../arm-none-eabi/lib/armv6k/fpu\libg.a(lib_a-svfprintf.o)
                0x000000000011bd80                _svfprintf_r
 .text.__submore
                0x000000000011f588       0xa8 c:/devkitpro/devkitarm/bin/../lib/gcc/arm-none-eabi/10.2.0/../../../../arm-none-eabi/lib/armv6k/fpu\libg.a(lib_a-ungetc.o)
                0x000000000011f588                __submore
 .text._wcsnrtombs_l
                0x000000000011f630      0x190 c:/devkitpro/devkitarm/bin/../lib/gcc/arm-none-eabi/10.2.0/../../../../arm-none-eabi/lib/armv6k/fpu\libg.a(lib_a-wcsnrtombs.o)
                0x000000000011f630                _wcsnrtombs_l
 .text._wcsnrtombs_r
                0x000000000011f7c0       0x4c c:/devkitpro/devkitarm/bin/../lib/gcc/arm-none-eabi/10.2.0/../../../../arm-none-eabi/lib/armv6k/fpu\libg.a(lib_a-wcsnrtombs.o)
                0x000000000011f7c0                _wcsnrtombs_r
 .text.__utf8_wctomb
                0x000000000011f80c       0xf0 c:/devkitpro/devkitarm/bin/../lib/gcc/arm-none-eabi/10.2.0/../../../../arm-none-eabi/lib/armv6k/fpu\libg.a(lib_a-wctomb_r.o)
                0x000000000011f80c                __utf8_wctomb
 .text.__assert_func
                0x000000000011f8fc       0x5c c:/devkitpro/devkitarm/bin/../lib/gcc/arm-none-eabi/10.2.0/../../../../arm-none-eabi/lib/armv6k/fpu\libg.a(lib_a-assert.o)
                0x000000000011f8fc                __assert_func
 .text._calloc_r
                0x000000000011f958       0x94 c:/devkitpro/devkitarm/bin/../lib/gcc/arm-none-eabi/10.2.0/../../../../arm-none-eabi/lib/armv6k/fpu\libg.a(lib_a-callocr.o)
                0x000000000011f958                _calloc_r
 .text._fclose_r
                0x000000000011f9ec      0x160 c:/devkitpro/devkitarm/bin/../lib/gcc/arm-none-eabi/10.2.0/../../../../arm-none-eabi/lib/armv6k/fpu\libg.a(lib_a-fclose.o)
                0x000000000011f9ec                _fclose_r
 .text.fiprintf
                0x000000000011fb4c       0x3c c:/devkitpro/devkitarm/bin/../lib/gcc/arm-none-eabi/10.2.0/../../../../arm-none-eabi/lib/armv6k/fpu\libg.a(lib_a-fiprintf.o)
                0x000000000011fb4c                fiprintf
 .text.rshift   0x000000000011fb88       0xec c:/devkitpro/devkitarm/bin/../lib/gcc/arm-none-eabi/10.2.0/../../../../arm-none-eabi/lib/armv6k/fpu\libg.a(lib_a-gdtoa-gethex.o)
 .text.__gethex
                0x000000000011fc74      0x928 c:/devkitpro/devkitarm/bin/../lib/gcc/arm-none-eabi/10.2.0/../../../../arm-none-eabi/lib/armv6k/fpu\libg.a(lib_a-gdtoa-gethex.o)
                0x000000000011fc74                __gethex
 .text.__match  0x000000000012059c       0x4c c:/devkitpro/devkitarm/bin/../lib/gcc/arm-none-eabi/10.2.0/../../../../arm-none-eabi/lib/armv6k/fpu\libg.a(lib_a-gdtoa-hexnan.o)
                0x000000000012059c                __match
 .text.__hexnan
                0x00000000001205e8      0x29c c:/devkitpro/devkitarm/bin/../lib/gcc/arm-none-eabi/10.2.0/../../../../arm-none-eabi/lib/armv6k/fpu\libg.a(lib_a-gdtoa-hexnan.o)
                0x00000000001205e8                __hexnan
 .text.iswspace_l
                0x0000000000120884       0x3c c:/devkitpro/devkitarm/bin/../lib/gcc/arm-none-eabi/10.2.0/../../../../arm-none-eabi/lib/armv6k/fpu\libg.a(lib_a-iswspace_l.o)
                0x0000000000120884                iswspace_l
 .text.__jp2uc  0x00000000001208c0      0x1d4 c:/devkitpro/devkitarm/bin/../lib/gcc/arm-none-eabi/10.2.0/../../../../arm-none-eabi/lib/armv6k/fpu\libg.a(lib_a-jp2uc.o)
 .text._jp2uc_l
                0x0000000000120a94       0x9c c:/devkitpro/devkitarm/bin/../lib/gcc/arm-none-eabi/10.2.0/../../../../arm-none-eabi/lib/armv6k/fpu\libg.a(lib_a-jp2uc.o)
                0x0000000000120a94                _jp2uc_l
 .text.nan      0x0000000000120b30       0x10 c:/devkitpro/devkitarm/bin/../lib/gcc/arm-none-eabi/10.2.0/../../../../arm-none-eabi/lib/armv6k/fpu\libg.a(lib_a-s_nan.o)
                0x0000000000120b30                nan
 .text.abort    0x0000000000120b40       0x14 c:/devkitpro/devkitarm/bin/../lib/gcc/arm-none-eabi/10.2.0/../../../../arm-none-eabi/lib/armv6k/fpu\libg.a(lib_a-abort.o)
                0x0000000000120b40                abort
 .text.category
                0x0000000000120b54       0x84 c:/devkitpro/devkitarm/bin/../lib/gcc/arm-none-eabi/10.2.0/../../../../arm-none-eabi/lib/armv6k/fpu\libg.a(lib_a-categories.o)
                0x0000000000120b54                category
 .text._raise_r
                0x0000000000120bd8       0x98 c:/devkitpro/devkitarm/bin/../lib/gcc/arm-none-eabi/10.2.0/../../../../arm-none-eabi/lib/armv6k/fpu\libg.a(lib_a-signal.o)
                0x0000000000120bd8                _raise_r
 .text.raise    0x0000000000120c70       0x20 c:/devkitpro/devkitarm/bin/../lib/gcc/arm-none-eabi/10.2.0/../../../../arm-none-eabi/lib/armv6k/fpu\libg.a(lib_a-signal.o)
                0x0000000000120c70                raise
 .text.null_write
                0x0000000000120c90        0x8 c:/devkitpro/devkitarm/bin/../lib/gcc/arm-none-eabi/10.2.0/../../../../arm-none-eabi/lib/armv6k/fpu\libsysbase.a(iosupport.o)
 .text.setDefaultDevice
                0x0000000000120c98       0x18 c:/devkitpro/devkitarm/bin/../lib/gcc/arm-none-eabi/10.2.0/../../../../arm-none-eabi/lib/armv6k/fpu\libsysbase.a(iosupport.o)
                0x0000000000120c98                setDefaultDevice
 .text.FindDevice
                0x0000000000120cb0       0xc8 c:/devkitpro/devkitarm/bin/../lib/gcc/arm-none-eabi/10.2.0/../../../../arm-none-eabi/lib/armv6k/fpu\libsysbase.a(iosupport.o)
                0x0000000000120cb0                FindDevice
 .text.RemoveDevice
                0x0000000000120d78       0x28 c:/devkitpro/devkitarm/bin/../lib/gcc/arm-none-eabi/10.2.0/../../../../arm-none-eabi/lib/armv6k/fpu\libsysbase.a(iosupport.o)
                0x0000000000120d78                RemoveDevice
 .text.AddDevice
                0x0000000000120da0       0x9c c:/devkitpro/devkitarm/bin/../lib/gcc/arm-none-eabi/10.2.0/../../../../arm-none-eabi/lib/armv6k/fpu\libsysbase.a(iosupport.o)
                0x0000000000120da0                AddDevice
 .text.GetDeviceOpTab
                0x0000000000120e3c       0x20 c:/devkitpro/devkitarm/bin/../lib/gcc/arm-none-eabi/10.2.0/../../../../arm-none-eabi/lib/armv6k/fpu\libsysbase.a(iosupport.o)
                0x0000000000120e3c                GetDeviceOpTab
 .text._fstat_r
                0x0000000000120e5c       0x78 c:/devkitpro/devkitarm/bin/../lib/gcc/arm-none-eabi/10.2.0/../../../../arm-none-eabi/lib/armv6k/fpu\libsysbase.a(fstat.o)
                0x0000000000120e5c                _fstat_r
 .text._getpid_r
                0x0000000000120ed4       0x14 c:/devkitpro/devkitarm/bin/../lib/gcc/arm-none-eabi/10.2.0/../../../../arm-none-eabi/lib/armv6k/fpu\libsysbase.a(getpid.o)
                0x0000000000120ed4                _getpid_r
 .text._isatty_r
                0x0000000000120ee8        0x8 c:/devkitpro/devkitarm/bin/../lib/gcc/arm-none-eabi/10.2.0/../../../../arm-none-eabi/lib/armv6k/fpu\libsysbase.a(isatty.o)
                0x0000000000120ee8                _isatty_r
 .text._kill_r  0x0000000000120ef0       0x14 c:/devkitpro/devkitarm/bin/../lib/gcc/arm-none-eabi/10.2.0/../../../../arm-none-eabi/lib/armv6k/fpu\libsysbase.a(kill.o)
                0x0000000000120ef0                _kill_r
 .text._lseek_r
                0x0000000000120f04       0x84 c:/devkitpro/devkitarm/bin/../lib/gcc/arm-none-eabi/10.2.0/../../../../arm-none-eabi/lib/armv6k/fpu\libsysbase.a(lseek.o)
                0x0000000000120f04                _lseek_r
 .text._read_r  0x0000000000120f88       0x80 c:/devkitpro/devkitarm/bin/../lib/gcc/arm-none-eabi/10.2.0/../../../../arm-none-eabi/lib/armv6k/fpu\libsysbase.a(read.o)
                0x0000000000120f88                _read_r
 .text._sbrk_r  0x0000000000121008       0x78 c:/devkitpro/devkitarm/bin/../lib/gcc/arm-none-eabi/10.2.0/../../../../arm-none-eabi/lib/armv6k/fpu\libsysbase.a(sbrk.o)
                0x0000000000121008                _sbrk_r
 .text._write_r
                0x0000000000121080       0x80 c:/devkitpro/devkitarm/bin/../lib/gcc/arm-none-eabi/10.2.0/../../../../arm-none-eabi/lib/armv6k/fpu\libsysbase.a(write.o)
                0x0000000000121080                _write_r
 .text._exit    0x0000000000121100       0x24 c:/devkitpro/devkitarm/bin/../lib/gcc/arm-none-eabi/10.2.0/../../../../arm-none-eabi/lib/armv6k/fpu\libsysbase.a(_exit.o)
                0x0000000000121100                _exit
 .text._concatenate_path
                0x0000000000121124      0x1b8 c:/devkitpro/devkitarm/bin/../lib/gcc/arm-none-eabi/10.2.0/../../../../arm-none-eabi/lib/armv6k/fpu\libsysbase.a(chdir.o)
                0x0000000000121124                _concatenate_path
 .text.chdir    0x00000000001212dc      0x160 c:/devkitpro/devkitarm/bin/../lib/gcc/arm-none-eabi/10.2.0/../../../../arm-none-eabi/lib/armv6k/fpu\libsysbase.a(chdir.o)
                0x00000000001212dc                chdir
 .text.__flockfile
                0x000000000012143c        0x8 c:/devkitpro/devkitarm/bin/../lib/gcc/arm-none-eabi/10.2.0/../../../../arm-none-eabi/lib/armv6k/fpu\libsysbase.a(flock.o)
                0x000000000012143c                __flockfile
 .text.__funlockfile
                0x0000000000121444        0x8 c:/devkitpro/devkitarm/bin/../lib/gcc/arm-none-eabi/10.2.0/../../../../arm-none-eabi/lib/armv6k/fpu\libsysbase.a(flock.o)
                0x0000000000121444                __funlockfile
 .text.__libc_lock_acquire
                0x000000000012144c       0x18 c:/devkitpro/devkitarm/bin/../lib/gcc/arm-none-eabi/10.2.0/../../../../arm-none-eabi/lib/armv6k/fpu\libsysbase.a(syscall_support.o)
                0x000000000012144c                __libc_lock_acquire
 .text.__libc_lock_release
                0x0000000000121464       0x18 c:/devkitpro/devkitarm/bin/../lib/gcc/arm-none-eabi/10.2.0/../../../../arm-none-eabi/lib/armv6k/fpu\libsysbase.a(syscall_support.o)
                0x0000000000121464                __libc_lock_release
 .text.__libc_lock_init_recursive
                0x000000000012147c       0x18 c:/devkitpro/devkitarm/bin/../lib/gcc/arm-none-eabi/10.2.0/../../../../arm-none-eabi/lib/armv6k/fpu\libsysbase.a(syscall_support.o)
                0x000000000012147c                __libc_lock_init_recursive
 .text.__libc_lock_acquire_recursive
                0x0000000000121494       0x18 c:/devkitpro/devkitarm/bin/../lib/gcc/arm-none-eabi/10.2.0/../../../../arm-none-eabi/lib/armv6k/fpu\libsysbase.a(syscall_support.o)
                0x0000000000121494                __libc_lock_acquire_recursive
 .text.__libc_lock_release_recursive
                0x00000000001214ac       0x18 c:/devkitpro/devkitarm/bin/../lib/gcc/arm-none-eabi/10.2.0/../../../../arm-none-eabi/lib/armv6k/fpu\libsysbase.a(syscall_support.o)
                0x00000000001214ac                __libc_lock_release_recursive
 .text.__libc_lock_close_recursive
                0x00000000001214c4       0x18 c:/devkitpro/devkitarm/bin/../lib/gcc/arm-none-eabi/10.2.0/../../../../arm-none-eabi/lib/armv6k/fpu\libsysbase.a(syscall_support.o)
                0x00000000001214c4                __libc_lock_close_recursive
 .text.__get_handle
                0x00000000001214dc       0x3c c:/devkitpro/devkitarm/bin/../lib/gcc/arm-none-eabi/10.2.0/../../../../arm-none-eabi/lib/armv6k/fpu\libsysbase.a(handle_manager.o)
                0x00000000001214dc                __get_handle
 .text._close_r
                0x0000000000121518       0xf4 c:/devkitpro/devkitarm/bin/../lib/gcc/arm-none-eabi/10.2.0/../../../../arm-none-eabi/lib/armv6k/fpu\libsysbase.a(handle_manager.o)
                0x0000000000121518                _close_r
 .text.__getreent
                0x000000000012160c       0x28 c:/devkitpro/devkitarm/bin/../lib/gcc/arm-none-eabi/10.2.0/../../../../arm-none-eabi/lib/armv6k/fpu\libsysbase.a(getreent.o)
                0x000000000012160c                __getreent
 .text.__fixdfdi
                0x0000000000121634       0x38 c:/devkitpro/devkitarm/bin/../lib/gcc/arm-none-eabi/10.2.0/armv6k/fpu\libgcc.a(_fixdfdi.o)
                0x0000000000121634                __fixdfdi
                0x0000000000121634                __aeabi_d2lz
 *fill*         0x000000000012166c        0x4 
 .text.__fixunsdfdi
                0x0000000000121670       0x40 c:/devkitpro/devkitarm/bin/../lib/gcc/arm-none-eabi/10.2.0/armv6k/fpu\libgcc.a(_fixunsdfdi.o)
                0x0000000000121670                __fixunsdfdi
                0x0000000000121670                __aeabi_d2ulz
 .text.strrchr  0x00000000001216b0       0x44 c:/devkitpro/devkitarm/bin/../lib/gcc/arm-none-eabi/10.2.0/../../../../arm-none-eabi/lib/armv6k/fpu\libg.a(lib_a-strrchr.o)
                0x00000000001216b0                strrchr
 *(.glue_7)
 .glue_7        0x00000000001216f4        0x0 linker stubs
 *(.glue_7t)
 .glue_7t       0x00000000001216f4        0x0 linker stubs
 *(.stub)
 *(.gnu.warning)
 *(.gnu.linkonce.t*)
                0x00000000001216f4                . = ALIGN (0x4)
 *(.fini)
 .fini          0x00000000001216f4        0xc c:/devkitpro/devkitarm/bin/../lib/gcc/arm-none-eabi/10.2.0/armv6k/fpu/crti.o
                0x00000000001216f4                _fini
 .fini          0x0000000000121700        0xc c:/devkitpro/devkitarm/bin/../lib/gcc/arm-none-eabi/10.2.0/armv6k/fpu/crtn.o
                0x000000000012170c                . = ALIGN (0x4)

.vfp11_veneer   0x000000000012170c        0x0
 .vfp11_veneer  0x000000000012170c        0x0 linker stubs

.v4_bx          0x000000000012170c        0x0
 .v4_bx         0x000000000012170c        0x0 linker stubs

.iplt           0x000000000012170c        0x0
 .iplt          0x000000000012170c        0x0 c:/devkitpro/devkitarm/bin/../lib/gcc/arm-none-eabi/10.2.0/../../../../arm-none-eabi/lib/armv6k/fpu/3dsx_crt0.o
                0x0000000000122000                . = ALIGN (0x1000)

.rodata         0x0000000000122000     0x79d0
 *(.rodata)
 .rodata        0x0000000000122000        0x3 C:/devkitPro/libctru/lib\libctru.a(apt.o)
 *fill*         0x0000000000122003        0x1 
 .rodata        0x0000000000122004        0xc C:/devkitPro/libctru/lib\libctru.a(archive_dev.o)
 *(.roda)
 *(.rodata.*)
 .rodata.str1.4
                0x0000000000122010       0xb9 main.o
 *fill*         0x00000000001220c9        0x3 
 .rodata.con_write.str1.4
                0x00000000001220cc       0x52 C:/devkitPro/libctru/lib\libctru.a(console.o)
 *fill*         0x000000000012211e        0x2 
 .rodata.str1.4
                0x0000000000122120       0x10 C:/devkitPro/libctru/lib\libctru.a(console.o)
 .rodata.colorTable
                0x0000000000122130       0x30 C:/devkitPro/libctru/lib\libctru.a(console.o)
 .rodata.dotab_stdout
                0x0000000000122160       0x70 C:/devkitPro/libctru/lib\libctru.a(console.o)
 .rodata.gspInit.str1.4
                0x00000000001221d0        0x9 C:/devkitPro/libctru/lib\libctru.a(gspgpu.o)
 *fill*         0x00000000001221d9        0x3 
 .rodata.aptSendCommand.str1.4
                0x00000000001221dc       0x16 C:/devkitPro/libctru/lib\libctru.a(apt.o)
 *fill*         0x00000000001221f2        0x2 
 .rodata.morton_x.3
                0x00000000001221f4        0x8 C:/devkitPro/libctru/lib\libctru.a(apt.o)
 .rodata.morton_y.2
                0x00000000001221fc        0x8 C:/devkitPro/libctru/lib\libctru.a(apt.o)
 .rodata.s_sleepWakeEvents.4
                0x0000000000122204        0x8 C:/devkitPro/libctru/lib\libctru.a(apt.o)
 .rodata.hidInit.str1.4
                0x000000000012220c       0x15 C:/devkitPro/libctru/lib\libctru.a(hid.o)
 *fill*         0x0000000000122221        0x3 
 .rodata.default_font_bin
                0x0000000000122224      0x804 C:/devkitPro/libctru/lib\libctru.a(default_font.bin.o)
                0x0000000000122224                default_font_bin
                0x0000000000122a24                default_font_bin_size
                0x0000000000122a24                default_font_bin_end
 .rodata.srvInit.str1.4
                0x0000000000122a28        0x5 C:/devkitPro/libctru/lib\libctru.a(srv.o)
 *fill*         0x0000000000122a2d        0x3 
 .rodata.irrstInit.str1.4
                0x0000000000122a30        0x7 C:/devkitPro/libctru/lib\libctru.a(irrst.o)
 *fill*         0x0000000000122a37        0x1 
 .rodata.ptmSysmInit.str1.4
                0x0000000000122a38        0x9 C:/devkitPro/libctru/lib\libctru.a(ptmsysm.o)
 *fill*         0x0000000000122a41        0x3 
 .rodata.str1.4
                0x0000000000122a44        0x8 C:/devkitPro/libctru/lib\libctru.a(archive_dev.o)
                                          0xc (size before relaxing)
 .rodata._archiveUnmountDeviceStruct.part.0.str1.4
                0x0000000000122a4c        0x2 C:/devkitPro/libctru/lib\libctru.a(archive_dev.o)
 *fill*         0x0000000000122a4e        0x2 
 .rodata._archiveMountDevice.str1.4
                0x0000000000122a50        0x8 C:/devkitPro/libctru/lib\libctru.a(archive_dev.o)
 .rodata.archiveMountSdmc.str1.4
                0x0000000000122a58        0x5 C:/devkitPro/libctru/lib\libctru.a(archive_dev.o)
 *fill*         0x0000000000122a5d        0x3 
 .rodata.archive_devoptab
                0x0000000000122a60       0x70 C:/devkitPro/libctru/lib\libctru.a(archive_dev.o)
 .rodata.error_table
                0x0000000000122ad0       0x30 C:/devkitPro/libctru/lib\libctru.a(archive_dev.o)
 .rodata.fsInit.str1.4
                0x0000000000122b00        0x8 C:/devkitPro/libctru/lib\libctru.a(fs.o)
 .rodata._global_impure_ptr
                0x0000000000122b08        0x4 c:/devkitpro/devkitarm/bin/../lib/gcc/arm-none-eabi/10.2.0/../../../../arm-none-eabi/lib/armv6k/fpu\libg.a(lib_a-impure.o)
                0x0000000000122b08                _global_impure_ptr
 .rodata._puts_r.str1.4
                0x0000000000122b0c        0x2 c:/devkitpro/devkitarm/bin/../lib/gcc/arm-none-eabi/10.2.0/../../../../arm-none-eabi/lib/armv6k/fpu\libg.a(lib_a-puts.o)
 .rodata.__ssvfscanf_r.str1.1
                0x0000000000122b0e        0x5 c:/devkitpro/devkitarm/bin/../lib/gcc/arm-none-eabi/10.2.0/../../../../arm-none-eabi/lib/armv6k/fpu\libg.a(lib_a-svfscanf.o)
                                          0x6 (size before relaxing)
 *fill*         0x0000000000122b13        0x1 
 .rodata.basefix.0
                0x0000000000122b14       0x22 c:/devkitpro/devkitarm/bin/../lib/gcc/arm-none-eabi/10.2.0/../../../../arm-none-eabi/lib/armv6k/fpu\libg.a(lib_a-svfscanf.o)
 .rodata._vfiprintf_r.str1.1
                0x0000000000122b36       0x29 c:/devkitpro/devkitarm/bin/../lib/gcc/arm-none-eabi/10.2.0/../../../../arm-none-eabi/lib/armv6k/fpu\libg.a(lib_a-vfiprintf.o)
 *fill*         0x0000000000122b5f        0x1 
 .rodata.blanks.1
                0x0000000000122b60       0x10 c:/devkitpro/devkitarm/bin/../lib/gcc/arm-none-eabi/10.2.0/../../../../arm-none-eabi/lib/armv6k/fpu\libg.a(lib_a-vfiprintf.o)
 .rodata.zeroes.0
                0x0000000000122b70       0x10 c:/devkitpro/devkitarm/bin/../lib/gcc/arm-none-eabi/10.2.0/../../../../arm-none-eabi/lib/armv6k/fpu\libg.a(lib_a-vfiprintf.o)
 .rodata._vfprintf_r.str1.1
                0x0000000000122b80       0x12 c:/devkitpro/devkitarm/bin/../lib/gcc/arm-none-eabi/10.2.0/../../../../arm-none-eabi/lib/armv6k/fpu\libg.a(lib_a-vfprintf.o)
                                         0x3b (size before relaxing)
 *fill*         0x0000000000122b92        0x2 
 .rodata.blanks.1
                0x0000000000122b94       0x10 c:/devkitpro/devkitarm/bin/../lib/gcc/arm-none-eabi/10.2.0/../../../../arm-none-eabi/lib/armv6k/fpu\libg.a(lib_a-vfprintf.o)
 .rodata.zeroes.0
                0x0000000000122ba4       0x10 c:/devkitpro/devkitarm/bin/../lib/gcc/arm-none-eabi/10.2.0/../../../../arm-none-eabi/lib/armv6k/fpu\libg.a(lib_a-vfprintf.o)
 .rodata._ctype_
                0x0000000000122bb4      0x101 c:/devkitpro/devkitarm/bin/../lib/gcc/arm-none-eabi/10.2.0/../../../../arm-none-eabi/lib/armv6k/fpu\libg.a(lib_a-ctype_.o)
                0x0000000000122bb4                _ctype_
 *fill*         0x0000000000122cb5        0x3 
 .rodata._dtoa_r.str1.4
                0x0000000000122cb8       0x67 c:/devkitpro/devkitarm/bin/../lib/gcc/arm-none-eabi/10.2.0/../../../../arm-none-eabi/lib/armv6k/fpu\libg.a(lib_a-dtoa.o)
 *fill*         0x0000000000122d1f        0x1 
 .rodata.str1.4
                0x0000000000122d20       0x48 c:/devkitpro/devkitarm/bin/../lib/gcc/arm-none-eabi/10.2.0/../../../../arm-none-eabi/lib/armv6k/fpu\libg.a(lib_a-locale.o)
                                         0x4c (size before relaxing)
 .rodata._mbrtowc_r.str1.4
                0x0000000000122d68        0x1 c:/devkitpro/devkitarm/bin/../lib/gcc/arm-none-eabi/10.2.0/../../../../arm-none-eabi/lib/armv6k/fpu\libg.a(lib_a-mbrtowc.o)
 .rodata.__multadd.str1.4
                0x0000000000122d68       0x40 c:/devkitpro/devkitarm/bin/../lib/gcc/arm-none-eabi/10.2.0/../../../../arm-none-eabi/lib/armv6k/fpu\libg.a(lib_a-mprec.o)
                                         0x54 (size before relaxing)
 .rodata.__mprec_bigtens
                0x0000000000122da8       0x28 c:/devkitpro/devkitarm/bin/../lib/gcc/arm-none-eabi/10.2.0/../../../../arm-none-eabi/lib/armv6k/fpu\libg.a(lib_a-mprec.o)
                0x0000000000122da8                __mprec_bigtens
 .rodata.__mprec_tens
                0x0000000000122dd0       0xc8 c:/devkitpro/devkitarm/bin/../lib/gcc/arm-none-eabi/10.2.0/../../../../arm-none-eabi/lib/armv6k/fpu\libg.a(lib_a-mprec.o)
                0x0000000000122dd0                __mprec_tens
 .rodata.p05.0  0x0000000000122e98        0xc c:/devkitpro/devkitarm/bin/../lib/gcc/arm-none-eabi/10.2.0/../../../../arm-none-eabi/lib/armv6k/fpu\libg.a(lib_a-mprec.o)
 .rodata._strtod_l.str1.4
                0x0000000000122ea4        0xf c:/devkitpro/devkitarm/bin/../lib/gcc/arm-none-eabi/10.2.0/../../../../arm-none-eabi/lib/armv6k/fpu\libg.a(lib_a-strtod.o)
                                         0x11 (size before relaxing)
 *fill*         0x0000000000122eb3        0x1 
 .rodata.fpi.1  0x0000000000122eb4       0x14 c:/devkitpro/devkitarm/bin/../lib/gcc/arm-none-eabi/10.2.0/../../../../arm-none-eabi/lib/armv6k/fpu\libg.a(lib_a-strtod.o)
 .rodata.fpinan.0
                0x0000000000122ec8       0x14 c:/devkitpro/devkitarm/bin/../lib/gcc/arm-none-eabi/10.2.0/../../../../arm-none-eabi/lib/armv6k/fpu\libg.a(lib_a-strtod.o)
 *fill*         0x0000000000122edc        0x4 
 .rodata.tinytens
                0x0000000000122ee0       0x28 c:/devkitpro/devkitarm/bin/../lib/gcc/arm-none-eabi/10.2.0/../../../../arm-none-eabi/lib/armv6k/fpu\libg.a(lib_a-strtod.o)
 .rodata.__action_table
                0x0000000000122f08       0x6c c:/devkitpro/devkitarm/bin/../lib/gcc/arm-none-eabi/10.2.0/../../../../arm-none-eabi/lib/armv6k/fpu\libg.a(lib_a-svfiprintf.o)
                0x0000000000122f08                __action_table
 .rodata.__chclass
                0x0000000000122f74      0x100 c:/devkitpro/devkitarm/bin/../lib/gcc/arm-none-eabi/10.2.0/../../../../arm-none-eabi/lib/armv6k/fpu\libg.a(lib_a-svfiprintf.o)
                0x0000000000122f74                __chclass
 .rodata.__state_table
                0x0000000000123074       0x6c c:/devkitpro/devkitarm/bin/../lib/gcc/arm-none-eabi/10.2.0/../../../../arm-none-eabi/lib/armv6k/fpu\libg.a(lib_a-svfiprintf.o)
                0x0000000000123074                __state_table
 .rodata._svfprintf_r.str1.1
                0x00000000001230e0       0x3b c:/devkitpro/devkitarm/bin/../lib/gcc/arm-none-eabi/10.2.0/../../../../arm-none-eabi/lib/armv6k/fpu\libg.a(lib_a-svfprintf.o)
 .rodata.blanks.1
                0x00000000001230e0       0x10 c:/devkitpro/devkitarm/bin/../lib/gcc/arm-none-eabi/10.2.0/../../../../arm-none-eabi/lib/armv6k/fpu\libg.a(lib_a-svfprintf.o)
 .rodata.zeroes.0
                0x00000000001230f0       0x10 c:/devkitpro/devkitarm/bin/../lib/gcc/arm-none-eabi/10.2.0/../../../../arm-none-eabi/lib/armv6k/fpu\libg.a(lib_a-svfprintf.o)
 .rodata.__assert_func.str1.4
                0x0000000000123100       0x3f c:/devkitpro/devkitarm/bin/../lib/gcc/arm-none-eabi/10.2.0/../../../../arm-none-eabi/lib/armv6k/fpu\libg.a(lib_a-assert.o)
                                         0x43 (size before relaxing)
 *fill*         0x000000000012313f        0x1 
 .rodata.__gethex.str1.4
                0x0000000000123140       0x47 c:/devkitpro/devkitarm/bin/../lib/gcc/arm-none-eabi/10.2.0/../../../../arm-none-eabi/lib/armv6k/fpu\libg.a(lib_a-gdtoa-gethex.o)
                                         0x5b (size before relaxing)
 *fill*         0x0000000000123187        0x1 
 .rodata.__hexdig
                0x0000000000123188      0x100 c:/devkitpro/devkitarm/bin/../lib/gcc/arm-none-eabi/10.2.0/../../../../arm-none-eabi/lib/armv6k/fpu\libg.a(lib_a-gdtoa-gethex.o)
                0x0000000000123188                __hexdig
 .rodata._jp2uc_l.str1.4
                0x0000000000123288       0x12 c:/devkitpro/devkitarm/bin/../lib/gcc/arm-none-eabi/10.2.0/../../../../arm-none-eabi/lib/armv6k/fpu\libg.a(lib_a-jp2uc.o)
 *fill*         0x000000000012329a        0x2 
 .rodata.a1     0x000000000012329c       0xbc c:/devkitpro/devkitarm/bin/../lib/gcc/arm-none-eabi/10.2.0/../../../../arm-none-eabi/lib/armv6k/fpu\libg.a(lib_a-jp2uc.o)
 .rodata.a2     0x0000000000123358       0xbc c:/devkitpro/devkitarm/bin/../lib/gcc/arm-none-eabi/10.2.0/../../../../arm-none-eabi/lib/armv6k/fpu\libg.a(lib_a-jp2uc.o)
 .rodata.a3     0x0000000000123414       0x5b c:/devkitpro/devkitarm/bin/../lib/gcc/arm-none-eabi/10.2.0/../../../../arm-none-eabi/lib/armv6k/fpu\libg.a(lib_a-jp2uc.o)
 *fill*         0x000000000012346f        0x1 
 .rodata.a6     0x0000000000123470       0x70 c:/devkitpro/devkitarm/bin/../lib/gcc/arm-none-eabi/10.2.0/../../../../arm-none-eabi/lib/armv6k/fpu\libg.a(lib_a-jp2uc.o)
 .rodata.a7     0x00000000001234e0       0xa2 c:/devkitpro/devkitarm/bin/../lib/gcc/arm-none-eabi/10.2.0/../../../../arm-none-eabi/lib/armv6k/fpu\libg.a(lib_a-jp2uc.o)
 *fill*         0x0000000000123582        0x2 
 .rodata.a8     0x0000000000123584       0x40 c:/devkitpro/devkitarm/bin/../lib/gcc/arm-none-eabi/10.2.0/../../../../arm-none-eabi/lib/armv6k/fpu\libg.a(lib_a-jp2uc.o)
 .rodata.b02cf  0x00000000001235c4     0x172a c:/devkitpro/devkitarm/bin/../lib/gcc/arm-none-eabi/10.2.0/../../../../arm-none-eabi/lib/armv6k/fpu\libg.a(lib_a-jp2uc.o)
 *fill*         0x0000000000124cee        0x2 
 .rodata.d02f4  0x0000000000124cf0     0x1a7c c:/devkitpro/devkitarm/bin/../lib/gcc/arm-none-eabi/10.2.0/../../../../arm-none-eabi/lib/armv6k/fpu\libg.a(lib_a-jp2uc.o)
 .rodata.str1.4
                0x000000000012676c        0x5 c:/devkitpro/devkitarm/bin/../lib/gcc/arm-none-eabi/10.2.0/../../../../arm-none-eabi/lib/armv6k/fpu\libg.a(lib_a-lnumeric.o)
 .rodata._C_numeric_locale
                0x000000000012676c        0xc c:/devkitpro/devkitarm/bin/../lib/gcc/arm-none-eabi/10.2.0/../../../../arm-none-eabi/lib/armv6k/fpu\libg.a(lib_a-lnumeric.o)
                0x000000000012676c                _C_numeric_locale
 .rodata.categories
                0x0000000000126778     0x31e6 c:/devkitpro/devkitarm/bin/../lib/gcc/arm-none-eabi/10.2.0/../../../../arm-none-eabi/lib/armv6k/fpu\libg.a(lib_a-categories.o)
 .rodata.AddDevice.str1.4
                0x000000000012995e        0x8 c:/devkitpro/devkitarm/bin/../lib/gcc/arm-none-eabi/10.2.0/../../../../arm-none-eabi/lib/armv6k/fpu\libsysbase.a(iosupport.o)
 *fill*         0x000000000012995e        0x2 
 .rodata.dotab_stdnull
                0x0000000000129960       0x70 c:/devkitpro/devkitarm/bin/../lib/gcc/arm-none-eabi/10.2.0/../../../../arm-none-eabi/lib/armv6k/fpu\libsysbase.a(iosupport.o)
                0x0000000000129960                dotab_stdnull
 *all.rodata*(*)
 *(.gnu.linkonce.r*)
                0x00000000001299d0                . = ALIGN (0x4)

.eh_frame       0x00000000001299d0        0x0